Archive member included to satisfy reference by file (symbol)

/usr/lib/gcc/arm-none-eabi/4.9.3/armv6-m/libgcc.a(_udivsi3.o)
                              nrf51_sdk/nrf51822/Source/app_common/pstorage.o (__aeabi_uidiv)
/usr/lib/gcc/arm-none-eabi/4.9.3/armv6-m/libgcc.a(_divsi3.o)
                              nrf51_sdk/nrf51822/Source/app_common/pstorage.o (__aeabi_idiv)
/usr/lib/gcc/arm-none-eabi/4.9.3/armv6-m/libgcc.a(_dvmd_tls.o)
                              /usr/lib/gcc/arm-none-eabi/4.9.3/armv6-m/libgcc.a(_udivsi3.o) (__aeabi_idiv0)
/usr/lib/gcc/arm-none-eabi/4.9.3/armv6-m/libgcc.a(divsf3.o)
                              src/pm.o (__aeabi_fdiv)
/usr/lib/gcc/arm-none-eabi/4.9.3/armv6-m/libgcc.a(mulsf3.o)
                              src/pm.o (__aeabi_fmul)
/usr/lib/gcc/arm-none-eabi/4.9.3/armv6-m/libgcc.a(floatsisf.o)
                              src/pm.o (__aeabi_i2f)
/usr/lib/gcc/arm-none-eabi/4.9.3/armv6-m/libgcc.a(_clzsi2.o)
                              /usr/lib/gcc/arm-none-eabi/4.9.3/armv6-m/libgcc.a(divsf3.o) (__clzsi2)
/usr/lib/gcc/arm-none-eabi/4.9.3/../../../arm-none-eabi/lib/armv6-m/libc_nano.a(lib_a-atexit.o)
                              /usr/lib/gcc/arm-none-eabi/4.9.3/../../../arm-none-eabi/lib/armv6-m/crt0.o (atexit)
/usr/lib/gcc/arm-none-eabi/4.9.3/../../../arm-none-eabi/lib/armv6-m/libc_nano.a(lib_a-bzero.o)
                              src/main.o (bzero)
/usr/lib/gcc/arm-none-eabi/4.9.3/../../../arm-none-eabi/lib/armv6-m/libc_nano.a(lib_a-errno.o)
                              src/ow.o (__errno)
/usr/lib/gcc/arm-none-eabi/4.9.3/../../../arm-none-eabi/lib/armv6-m/libc_nano.a(lib_a-exit.o)
                              /usr/lib/gcc/arm-none-eabi/4.9.3/../../../arm-none-eabi/lib/armv6-m/crt0.o (exit)
/usr/lib/gcc/arm-none-eabi/4.9.3/../../../arm-none-eabi/lib/armv6-m/libc_nano.a(lib_a-fini.o)
                              /usr/lib/gcc/arm-none-eabi/4.9.3/../../../arm-none-eabi/lib/armv6-m/crt0.o (__libc_fini_array)
/usr/lib/gcc/arm-none-eabi/4.9.3/../../../arm-none-eabi/lib/armv6-m/libc_nano.a(lib_a-impure.o)
                              /usr/lib/gcc/arm-none-eabi/4.9.3/../../../arm-none-eabi/lib/armv6-m/libc_nano.a(lib_a-exit.o) (_global_impure_ptr)
/usr/lib/gcc/arm-none-eabi/4.9.3/../../../arm-none-eabi/lib/armv6-m/libc_nano.a(lib_a-init.o)
                              /usr/lib/gcc/arm-none-eabi/4.9.3/../../../arm-none-eabi/lib/armv6-m/crt0.o (__libc_init_array)
/usr/lib/gcc/arm-none-eabi/4.9.3/../../../arm-none-eabi/lib/armv6-m/libc_nano.a(lib_a-memcmp.o)
                              nrf51_sdk/nrf51822/Source/ble/device_manager/device_manager_peripheral.o (memcmp)
/usr/lib/gcc/arm-none-eabi/4.9.3/../../../arm-none-eabi/lib/armv6-m/libc_nano.a(lib_a-memcpy.o)
                              src/ble/ble.o (memcpy)
/usr/lib/gcc/arm-none-eabi/4.9.3/../../../arm-none-eabi/lib/armv6-m/libc_nano.a(lib_a-memset.o)
                              /usr/lib/gcc/arm-none-eabi/4.9.3/../../../arm-none-eabi/lib/armv6-m/crt0.o (memset)
/usr/lib/gcc/arm-none-eabi/4.9.3/../../../arm-none-eabi/lib/armv6-m/libc_nano.a(lib_a-printf.o)
                              src/ds28e05.o (printf)
/usr/lib/gcc/arm-none-eabi/4.9.3/../../../arm-none-eabi/lib/armv6-m/libc_nano.a(lib_a-strlen.o)
                              nrf51_sdk/nrf51822/Source/ble/ble_services/ble_srv_common.o (strlen)
/usr/lib/gcc/arm-none-eabi/4.9.3/../../../arm-none-eabi/lib/armv6-m/libc_nano.a(lib_a-__atexit.o)
                              /usr/lib/gcc/arm-none-eabi/4.9.3/../../../arm-none-eabi/lib/armv6-m/libc_nano.a(lib_a-atexit.o) (__register_exitproc)
/usr/lib/gcc/arm-none-eabi/4.9.3/../../../arm-none-eabi/lib/armv6-m/libc_nano.a(lib_a-__call_atexit.o)
                              /usr/lib/gcc/arm-none-eabi/4.9.3/../../../arm-none-eabi/lib/armv6-m/libc_nano.a(lib_a-__atexit.o) (__call_exitprocs)
/usr/lib/gcc/arm-none-eabi/4.9.3/../../../arm-none-eabi/lib/armv6-m/libc_nano.a(lib_a-findfp.o)
                              /usr/lib/gcc/arm-none-eabi/4.9.3/../../../arm-none-eabi/lib/armv6-m/libc_nano.a(lib_a-printf.o) (__sinit)
/usr/lib/gcc/arm-none-eabi/4.9.3/../../../arm-none-eabi/lib/armv6-m/libc_nano.a(lib_a-fwalk.o)
                              /usr/lib/gcc/arm-none-eabi/4.9.3/../../../arm-none-eabi/lib/armv6-m/libc_nano.a(lib_a-findfp.o) (_fwalk)
/usr/lib/gcc/arm-none-eabi/4.9.3/../../../arm-none-eabi/lib/armv6-m/libc_nano.a(lib_a-nano-mallocr.o)
                              /usr/lib/gcc/arm-none-eabi/4.9.3/../../../arm-none-eabi/lib/armv6-m/libc_nano.a(lib_a-findfp.o) (_malloc_r)
/usr/lib/gcc/arm-none-eabi/4.9.3/../../../arm-none-eabi/lib/armv6-m/libc_nano.a(lib_a-nano-vfprintf.o)
                              /usr/lib/gcc/arm-none-eabi/4.9.3/../../../arm-none-eabi/lib/armv6-m/libc_nano.a(lib_a-printf.o) (_vfprintf_r)
/usr/lib/gcc/arm-none-eabi/4.9.3/../../../arm-none-eabi/lib/armv6-m/libc_nano.a(lib_a-nano-vfprintf_i.o)
[...]
Memory Configuration

Name             Origin             Length             Attributes
FLASH            0x0000000000016000 0x000000000002a000 xr
RAM              0x0000000020002000 0x0000000000002000 xrw
*default*        0x0000000000000000 0xffffffffffffffff

Linker script and memory map

LOAD /usr/lib/gcc/arm-none-eabi/4.9.3/armv6-m/crti.o
LOAD /usr/lib/gcc/arm-none-eabi/4.9.3/armv6-m/crtbegin.o
LOAD /usr/lib/gcc/arm-none-eabi/4.9.3/../../../arm-none-eabi/lib/armv6-m/crt0.o
LOAD src/ble/ble.o
LOAD src/ble/ble_crazyflies.o
LOAD src/ble/timeslot.o
LOAD nrf51_sdk/nrf51822/Source/ble/ble_advdata.o
LOAD nrf51_sdk/nrf51822/Source/ble/ble_conn_params.o
LOAD nrf51_sdk/nrf51822/Source/ble/ble_services/ble_srv_common.o
LOAD nrf51_sdk/nrf51822/Source/ble/ble_services/ble_dis.o
LOAD nrf51_sdk/nrf51822/Source/sd_common/softdevice_handler.o
LOAD nrf51_sdk/nrf51822/Source/app_common/app_timer.o
LOAD nrf51_sdk/nrf51822/Source/app_common/pstorage.o
LOAD nrf51_sdk/nrf51822/Source/ble/device_manager/device_manager_peripheral.o
LOAD src/main.o
LOAD gcc_startup_nrf51.o
LOAD system_nrf51.o
LOAD src/uart.o
LOAD src/syslink.o
LOAD src/pm.o
LOAD src/systick.o
LOAD src/button.o
LOAD src/swd.o
LOAD src/ow.o
LOAD src/ow/owlnk.o
LOAD src/ow/ownet.o
LOAD src/ow/owtran.o
LOAD src/ow/crcutil.o
LOAD src/ds2431.o
LOAD src/ds28e05.o
LOAD src/esb.o
LOAD src/memory.o
START GROUP
LOAD /usr/lib/gcc/arm-none-eabi/4.9.3/armv6-m/libgcc.a
LOAD /usr/lib/gcc/arm-none-eabi/4.9.3/../../../arm-none-eabi/lib/armv6-m/libc_nano.a
END GROUP
START GROUP
LOAD /usr/lib/gcc/arm-none-eabi/4.9.3/armv6-m/libgcc.a
LOAD /usr/lib/gcc/arm-none-eabi/4.9.3/../../../arm-none-eabi/lib/armv6-m/libc_nano.a
END GROUP
LOAD /usr/lib/gcc/arm-none-eabi/4.9.3/armv6-m/crtend.o
LOAD /usr/lib/gcc/arm-none-eabi/4.9.3/armv6-m/crtn.o
START GROUP
LOAD /usr/lib/gcc/arm-none-eabi/4.9.3/armv6-m/libgcc.a
LOAD /usr/lib/gcc/arm-none-eabi/4.9.3/../../../arm-none-eabi/lib/armv6-m/libc.a
LOAD /usr/lib/gcc/arm-none-eabi/4.9.3/../../../arm-none-eabi/lib/armv6-m/libnosys.a
END GROUP

.text           0x0000000000016000     0xf248
 *(.Vectors)
 .Vectors       0x0000000000016000       0xc0 gcc_startup_nrf51.o
                0x0000000000016000                __Vectors
 *(.text*)
 .text          0x00000000000160c0        0x0 /usr/lib/gcc/arm-none-eabi/4.9.3/armv6-m/crti.o
 .text          0x00000000000160c0       0xb4 /usr/lib/gcc/arm-none-eabi/4.9.3/armv6-m/crtbegin.o
 .text          0x0000000000016174       0x6c /usr/lib/gcc/arm-none-eabi/4.9.3/../../../arm-none-eabi/lib/armv6-m/crt0.o
                0x0000000000016174                _mainCRTStartup
                0x0000000000016174                _start
 .text          0x00000000000161e0      0xb04 src/ble/ble.o
                0x0000000000016564                app_error_handler
                0x0000000000016578                assert_nrf_callback
                0x0000000000016b4c                advertising_start
                0x0000000000016b88                ble_advertising_stop
                0x0000000000016bbc                ble_sd_stop
                0x0000000000016c78                ble_init
 .text          0x0000000000016ce4      0x7a0 src/ble/ble_crazyflies.o
                0x0000000000016e94                ble_crazyflies_on_ble_evt
                0x0000000000017038                ble_crazyflies_init
                0x000000000001727c                bleCrazyfliesIsPacketReceived
                0x0000000000017290                bleCrazyfliesGetRxPacket
                0x00000000000172a0                bleCrazyfliesReleaseRxPacket
                0x00000000000172b8                bleCrazyfliesSendPacket
 .text          0x0000000000017484      0x2d4 src/ble/timeslot.o
                0x0000000000017710                timeslot_sd_evt_signal
                0x0000000000017738                timeslot_start
 .text          0x0000000000017758      0xca8 nrf51_sdk/nrf51822/Source/ble/ble_advdata.o
                0x0000000000018334                ble_advdata_set
 .text          0x0000000000018400      0x6b0 nrf51_sdk/nrf51822/Source/ble/ble_conn_params.o
                0x0000000000018700                ble_conn_params_init
                0x00000000000187ac                ble_conn_params_stop
                0x00000000000189b8                ble_conn_params_on_ble_evt
                0x0000000000018a08                ble_conn_params_change_conn_params
 .text          0x0000000000018ab0      0x158 nrf51_sdk/nrf51822/Source/ble/ble_services/ble_srv_common.o
                0x0000000000018b58                ble_srv_report_ref_encode
                0x0000000000018be0                ble_srv_ascii_to_utf8
 .text          0x0000000000018c08      0x7f8 nrf51_sdk/nrf51822/Source/ble/ble_services/ble_dis.o
                0x0000000000019194                ble_dis_init
 .text          0x0000000000019400      0x610 nrf51_sdk/nrf51822/Source/sd_common/softdevice_handler.o
                0x0000000000019784                softdevice_assertion_handler
                0x00000000000197ac                intern_softdevice_events_execute
                0x00000000000198c0                softdevice_handler_init
                0x000000000001994c                softdevice_handler_sd_disable
                0x0000000000019974                softdevice_ble_evt_handler_set
                0x000000000001999c                softdevice_sys_evt_handler_set
                0x00000000000199c4                SWI2_IRQHandler
 .text          0x0000000000019a10     0x13e0 nrf51_sdk/nrf51822/Source/app_common/app_timer.o
                0x000000000001a9d4                RTC1_IRQHandler
                0x000000000001aa20                SWI0_IRQHandler
                0x000000000001aa2c                app_timer_init
                0x000000000001aba8                app_timer_create
                0x000000000001ac98                app_timer_start
                0x000000000001ad24                app_timer_stop
                0x000000000001ad84                app_timer_stop_all
                0x000000000001adac                app_timer_cnt_get
                0x000000000001adc8                app_timer_cnt_diff_compute
 .text          0x000000000001adf0     0x137c nrf51_sdk/nrf51822/Source/app_common/pstorage.o
                0x000000000001b274                pstorage_sys_event_handler
                0x000000000001b89c                pstorage_init
                0x000000000001b974                pstorage_register
                0x000000000001bb58                pstorage_block_identifier_get
                0x000000000001bc38                pstorage_store
                0x000000000001bd80                pstorage_update
                0x000000000001bec8                pstorage_load
                0x000000000001c034                pstorage_clear
                0x000000000001c12c                pstorage_access_status_get
 .text          0x000000000001c16c     0x22b8 nrf51_sdk/nrf51822/Source/ble/device_manager/device_manager_peripheral.o
                0x000000000001ce0c                dm_init
                0x000000000001cf78                dm_register
                0x000000000001d010                dm_security_setup_req
                0x000000000001d0e8                dm_security_status_req
                0x000000000001d1d4                dm_whitelist_create
                0x000000000001d328                dm_device_add
                0x000000000001d340                dm_device_delete
                0x000000000001d3dc                dm_device_delete_all
                0x000000000001d478                dm_service_context_set
                0x000000000001d5c4                dm_service_context_get
                0x000000000001d710                dm_service_context_delete
                0x000000000001d7a4                dm_application_context_set
                0x000000000001d7bc                dm_application_context_get
                0x000000000001d7d4                dm_application_context_delete
                0x000000000001d7ec                dm_application_instance_set
                0x000000000001d860                dm_handle_initialize
                0x000000000001d9f4                dm_peer_addr_set
                0x000000000001dae8                dm_peer_addr_get
                0x000000000001dc54                bond_data_load
                0x000000000001dcd4                dm_ble_evt_handler
 .text          0x000000000001e424      0xb3c src/main.o
                0x000000000001e76c                main
 .text          0x000000000001ef60       0x48 gcc_startup_nrf51.o
                0x000000000001ef60                Reset_Handler
                0x000000000001ef9c                NMI_Handler
                0x000000000001ef9e                HardFault_Handler
                0x000000000001efa0                SVC_Handler
                0x000000000001efa2                PendSV_Handler
                0x000000000001efa4                SysTick_Handler
                0x000000000001efa6                SPI0_TWI0_IRQHandler
                0x000000000001efa6                RTC0_IRQHandler
                0x000000000001efa6                GPIOTE_IRQHandler
                0x000000000001efa6                POWER_CLOCK_IRQHandler
                0x000000000001efa6                LPCOMP_IRQHandler
                0x000000000001efa6                SWI4_IRQHandler
                0x000000000001efa6                TEMP_IRQHandler
                0x000000000001efa6                QDEC_IRQHandler
                0x000000000001efa6                SWI5_IRQHandler
                0x000000000001efa6                TIMER0_IRQHandler
                0x000000000001efa6                ECB_IRQHandler
                0x000000000001efa6                Default_Handler
                0x000000000001efa6                ADC_IRQHandler
                0x000000000001efa6                SWI3_IRQHandler
                0x000000000001efa6                CCM_AAR_IRQHandler
                0x000000000001efa6                WDT_IRQHandler
                0x000000000001efa6                RNG_IRQHandler
                0x000000000001efa6                SPI1_TWI1_IRQHandler
                0x000000000001efa6                SWI1_IRQHandler
 .text          0x000000000001efa8      0x124 system_nrf51.o
                0x000000000001efa8                SystemCoreClockUpdate
                0x000000000001efc0                SystemInit
 .text          0x000000000001f0cc      0x478 src/uart.o
                0x000000000001f1f8                UART0_IRQHandler
                0x000000000001f284                uartInit
                0x000000000001f39c                uartDeinit
                0x000000000001f3d8                uartPuts
                0x000000000001f414                uartSend
                0x000000000001f454                uartPutc
                0x000000000001f4a4                uartIsDataReceived
                0x000000000001f4dc                uartGetc
 .text          0x000000000001f544      0x2d4 src/syslink.o
                0x000000000001f544                syslinkReceive
                0x000000000001f720                syslinkSend
 .text          0x000000000001f818      0x6b8 src/pm.o
                0x000000000001fa64                pmInit
                0x000000000001faa0                pmUSBPower
                0x000000000001fab8                pmIsCharging
                0x000000000001fccc                pmSetState
                0x000000000001fcec                pmGetState
                0x000000000001fd00                pmGetVBAT
                0x000000000001fd14                pmGetISET
                0x000000000001fd28                pmSysBootloader
                0x000000000001fd48                pmProcess
 .text          0x000000000001fed0      0x18c src/systick.o
                0x000000000001ffd0                TIMER2_IRQHandler
                0x000000000001fff4                systickInit
                0x0000000000020048                systickGetTick
 .text          0x000000000002005c      0x138 src/button.o
                0x0000000000020088                buttonInit
                0x00000000000200c8                buttonProcess
                0x0000000000020170                buttonGetState
 .text          0x0000000000020194      0x31c src/swd.o
                0x00000000000201e0                swdInit
                0x0000000000020250                swdTest
 .text          0x00000000000204b0      0x1a4 src/ow.o
                0x00000000000205d0                owInit
                0x000000000002063c                owRaiseError
 .text          0x0000000000020654      0x2ac src/ow/owlnk.o
                0x0000000000020654                TIMER1_IRQHandler
                0x00000000000206fc                owTouchReset
                0x0000000000020778                owTouchBit
                0x00000000000207e8                owTouchByte
                0x000000000002083c                owWriteByte
                0x0000000000020868                owReadByte
                0x0000000000020884                owSpeed
                0x0000000000020898                owLevel
                0x00000000000208ac                owProgramPulse
                0x00000000000208c0                msDelay
                0x00000000000208e8                msGettick
 .text          0x0000000000020900      0x9a0 src/ow/ownet.o
                0x0000000000020900                owFirst
                0x0000000000020950                owNext
                0x0000000000020c84                owSerialNum
                0x0000000000020d20                owFamilySearchSetup
                0x0000000000020d90                owSkipFamily
                0x0000000000020ddc                owAccess
                0x0000000000020ecc                owVerify
                0x00000000000210cc                owOverdriveAccess
                0x00000000000211f8                bitacc
 .text          0x00000000000212a0      0x290 src/ow/owtran.o
                0x00000000000212a0                owBlock
                0x0000000000021330                owProgramByte
 .text          0x0000000000021530      0x1ac src/ow/crcutil.o
                0x0000000000021530                setcrc16
                0x000000000002155c                setcrc8
                0x0000000000021584                docrc16
                0x0000000000021690                docrc8
 .text          0x00000000000216dc      0x384 src/ds2431.o
                0x00000000000216dc                ds2431ReadScratchpad
                0x00000000000217b8                ds2431WriteScratchpad
                0x0000000000021828                ds2431ReadMemory
                0x00000000000218a4                ds2431CopyScratchpad
                0x0000000000021930                ds2431WriteMemory
 .text          0x0000000000021a60      0x468 src/ds28e05.o
                0x0000000000021a60                ds28e05ReadMemory
                0x0000000000021ae8                ds28e05WriteMemory
 .text          0x0000000000021ec8      0xcc8 src/esb.o
                0x0000000000022478                RADIO_IRQHandler
                0x0000000000022484                esbInterruptHandler
                0x00000000000226a8                esbInit
                0x000000000002289c                esbReset
                0x00000000000228d8                esbDeinit
                0x000000000002290c                esbIsRxPacket
                0x0000000000022930                esbGetRxPacket
                0x0000000000022964                esbReleaseRxPacket
                0x0000000000022990                esbCanTxPacket
                0x00000000000229cc                esbGetTxPacket
                0x0000000000022a00                esbSendTxPacket
                0x0000000000022a2c                esbSetDatarate
                0x0000000000022a50                esbSetContwave
                0x0000000000022a84                esbSetChannel
                0x0000000000022aa8                esbSetTxPower
                0x0000000000022ac4                esbSetTxPowerDbm
                0x0000000000022b6c                esbSetAddress
 .text          0x0000000000022b90      0x234 src/memory.o
                0x0000000000022be4                owScan
                0x0000000000022c4c                memoryInit
                0x0000000000022c78                memorySyslink
 .text          0x0000000000022dc4      0x120 /usr/lib/gcc/arm-none-eabi/4.9.3/armv6-m/libgcc.a(_udivsi3.o)
                0x0000000000022dc4                __udivsi3
                0x0000000000022dc4                __aeabi_uidiv
                0x0000000000022ed0                __aeabi_uidivmod
 .text          0x0000000000022ee4      0x1e0 /usr/lib/gcc/arm-none-eabi/4.9.3/armv6-m/libgcc.a(_divsi3.o)
                0x0000000000022ee4                __aeabi_idiv
                0x0000000000022ee4                __divsi3
                0x00000000000230b0                __aeabi_idivmod
 .text          0x00000000000230c4        0x4 /usr/lib/gcc/arm-none-eabi/4.9.3/armv6-m/libgcc.a(_dvmd_tls.o)
                0x00000000000230c4                __aeabi_ldiv0
                0x00000000000230c4                __aeabi_idiv0
 .text          0x00000000000230c8      0x270 /usr/lib/gcc/arm-none-eabi/4.9.3/armv6-m/libgcc.a(divsf3.o)
                0x00000000000230c8                __aeabi_fdiv
 .text          0x0000000000023338      0x264 /usr/lib/gcc/arm-none-eabi/4.9.3/armv6-m/libgcc.a(mulsf3.o)
                0x0000000000023338                __aeabi_fmul
 .text          0x000000000002359c       0x90 /usr/lib/gcc/arm-none-eabi/4.9.3/armv6-m/libgcc.a(floatsisf.o)
                0x000000000002359c                __aeabi_i2f
 .text          0x000000000002362c       0x3c /usr/lib/gcc/arm-none-eabi/4.9.3/armv6-m/libgcc.a(_clzsi2.o)
                0x000000000002362c                __clzsi2
 .text          0x0000000000023668        0x0 /usr/lib/gcc/arm-none-eabi/4.9.3/../../../arm-none-eabi/lib/armv6-m/libc_nano.a(lib_a-atexit.o)
 .text.atexit   0x0000000000023668       0x10 /usr/lib/gcc/arm-none-eabi/4.9.3/../../../arm-none-eabi/lib/armv6-m/libc_nano.a(lib_a-atexit.o)
                0x0000000000023668                atexit
 .text          0x0000000000023678        0x0 /usr/lib/gcc/arm-none-eabi/4.9.3/../../../arm-none-eabi/lib/armv6-m/libc_nano.a(lib_a-bzero.o)
 .text.bzero    0x0000000000023678       0x10 /usr/lib/gcc/arm-none-eabi/4.9.3/../../../arm-none-eabi/lib/armv6-m/libc_nano.a(lib_a-bzero.o)
                0x0000000000023678                bzero
 .text          0x0000000000023688        0x0 /usr/lib/gcc/arm-none-eabi/4.9.3/../../../arm-none-eabi/lib/armv6-m/libc_nano.a(lib_a-errno.o)
 .text.__errno  0x0000000000023688        0xc /usr/lib/gcc/arm-none-eabi/4.9.3/../../../arm-none-eabi/lib/armv6-m/libc_nano.a(lib_a-errno.o)
                0x0000000000023688                __errno
 .text          0x0000000000023694        0x0 /usr/lib/gcc/arm-none-eabi/4.9.3/../../../arm-none-eabi/lib/armv6-m/libc_nano.a(lib_a-exit.o)
 .text.exit     0x0000000000023694       0x2c /usr/lib/gcc/arm-none-eabi/4.9.3/../../../arm-none-eabi/lib/armv6-m/libc_nano.a(lib_a-exit.o)
                0x0000000000023694                exit
 .text          0x00000000000236c0        0x0 /usr/lib/gcc/arm-none-eabi/4.9.3/../../../arm-none-eabi/lib/armv6-m/libc_nano.a(lib_a-fini.o)
 .text.__libc_fini_array
                0x00000000000236c0       0x28 /usr/lib/gcc/arm-none-eabi/4.9.3/../../../arm-none-eabi/lib/armv6-m/libc_nano.a(lib_a-fini.o)
                0x00000000000236c0                __libc_fini_array
 .text          0x00000000000236e8        0x0 /usr/lib/gcc/arm-none-eabi/4.9.3/../../../arm-none-eabi/lib/armv6-m/libc_nano.a(lib_a-impure.o)
 .text          0x00000000000236e8        0x0 /usr/lib/gcc/arm-none-eabi/4.9.3/../../../arm-none-eabi/lib/armv6-m/libc_nano.a(lib_a-init.o)
 .text.__libc_init_array
                0x00000000000236e8       0x4c /usr/lib/gcc/arm-none-eabi/4.9.3/../../../arm-none-eabi/lib/armv6-m/libc_nano.a(lib_a-init.o)
                0x00000000000236e8                __libc_init_array
 .text          0x0000000000023734        0x0 /usr/lib/gcc/arm-none-eabi/4.9.3/../../../arm-none-eabi/lib/armv6-m/libc_nano.a(lib_a-memcmp.o)
 .text.memcmp   0x0000000000023734       0x1e /usr/lib/gcc/arm-none-eabi/4.9.3/../../../arm-none-eabi/lib/armv6-m/libc_nano.a(lib_a-memcmp.o)
                0x0000000000023734                memcmp
 .text          0x0000000000023752        0x0 /usr/lib/gcc/arm-none-eabi/4.9.3/../../../arm-none-eabi/lib/armv6-m/libc_nano.a(lib_a-memcpy.o)
 .text.memcpy   0x0000000000023752       0x12 /usr/lib/gcc/arm-none-eabi/4.9.3/../../../arm-none-eabi/lib/armv6-m/libc_nano.a(lib_a-memcpy.o)
                0x0000000000023752                memcpy
 .text          0x0000000000023764        0x0 /usr/lib/gcc/arm-none-eabi/4.9.3/../../../arm-none-eabi/lib/armv6-m/libc_nano.a(lib_a-memset.o)
 .text.memset   0x0000000000023764       0x10 /usr/lib/gcc/arm-none-eabi/4.9.3/../../../arm-none-eabi/lib/armv6-m/libc_nano.a(lib_a-memset.o)
                0x0000000000023764                memset
 .text          0x0000000000023774        0x0 /usr/lib/gcc/arm-none-eabi/4.9.3/../../../arm-none-eabi/lib/armv6-m/libc_nano.a(lib_a-printf.o)
 .text._printf_r
                0x0000000000023774       0x28 /usr/lib/gcc/arm-none-eabi/4.9.3/../../../arm-none-eabi/lib/armv6-m/libc_nano.a(lib_a-printf.o)
                0x0000000000023774                _printf_r
                0x0000000000023774                _iprintf_r
 .text.printf   0x000000000002379c       0x34 /usr/lib/gcc/arm-none-eabi/4.9.3/../../../arm-none-eabi/lib/armv6-m/libc_nano.a(lib_a-printf.o)
                0x000000000002379c                printf
                0x000000000002379c                iprintf
 .text          0x00000000000237d0        0x0 /usr/lib/gcc/arm-none-eabi/4.9.3/../../../arm-none-eabi/lib/armv6-m/libc_nano.a(lib_a-strlen.o)
 .text.strlen   0x00000000000237d0        0xe /usr/lib/gcc/arm-none-eabi/4.9.3/../../../arm-none-eabi/lib/armv6-m/libc_nano.a(lib_a-strlen.o)
                0x00000000000237d0                strlen
 .text          0x00000000000237de        0x0 /usr/lib/gcc/arm-none-eabi/4.9.3/../../../arm-none-eabi/lib/armv6-m/libc_nano.a(lib_a-__atexit.o)
 *fill*         0x00000000000237de        0x2 
 .text.__register_exitproc
                0x00000000000237e0       0xb8 /usr/lib/gcc/arm-none-eabi/4.9.3/../../../arm-none-eabi/lib/armv6-m/libc_nano.a(lib_a-__atexit.o)
                0x00000000000237e0                __register_exitproc
 .text          0x0000000000023898        0x0 /usr/lib/gcc/arm-none-eabi/4.9.3/../../../arm-none-eabi/lib/armv6-m/libc_nano.a(lib_a-__call_atexit.o)
 .text.__call_exitprocs
                0x0000000000023898       0xe8 /usr/lib/gcc/arm-none-eabi/4.9.3/../../../arm-none-eabi/lib/armv6-m/libc_nano.a(lib_a-__call_atexit.o)
                0x0000000000023898                __call_exitprocs
 .text          0x0000000000023980        0x0 /usr/lib/gcc/arm-none-eabi/4.9.3/../../../arm-none-eabi/lib/armv6-m/libc_nano.a(lib_a-findfp.o)
 .text.__fp_lock
                0x0000000000023980        0x4 /usr/lib/gcc/arm-none-eabi/4.9.3/../../../arm-none-eabi/lib/armv6-m/libc_nano.a(lib_a-findfp.o)
 .text.__fp_unlock
                0x0000000000023984        0x4 /usr/lib/gcc/arm-none-eabi/4.9.3/../../../arm-none-eabi/lib/armv6-m/libc_nano.a(lib_a-findfp.o)
 .text._cleanup_r
                0x0000000000023988       0x10 /usr/lib/gcc/arm-none-eabi/4.9.3/../../../arm-none-eabi/lib/armv6-m/libc_nano.a(lib_a-findfp.o)
                0x0000000000023988                _cleanup_r
 .text.std.isra.0
                0x0000000000023998       0x48 /usr/lib/gcc/arm-none-eabi/4.9.3/../../../arm-none-eabi/lib/armv6-m/libc_nano.a(lib_a-findfp.o)
 .text.__sfmoreglue
                0x00000000000239e0       0x2c /usr/lib/gcc/arm-none-eabi/4.9.3/../../../arm-none-eabi/lib/armv6-m/libc_nano.a(lib_a-findfp.o)
                0x00000000000239e0                __sfmoreglue
 .text._cleanup
                0x0000000000023a0c       0x10 /usr/lib/gcc/arm-none-eabi/4.9.3/../../../arm-none-eabi/lib/armv6-m/libc_nano.a(lib_a-findfp.o)
                0x0000000000023a0c                _cleanup
 .text.__sinit  0x0000000000023a1c       0x64 /usr/lib/gcc/arm-none-eabi/4.9.3/../../../arm-none-eabi/lib/armv6-m/libc_nano.a(lib_a-findfp.o)
                0x0000000000023a1c                __sinit
 .text.__sfp    0x0000000000023a80       0x7c /usr/lib/gcc/arm-none-eabi/4.9.3/../../../arm-none-eabi/lib/armv6-m/libc_nano.a(lib_a-findfp.o)
                0x0000000000023a80                __sfp
 .text.__sfp_lock_acquire
                0x0000000000023afc        0x2 /usr/lib/gcc/arm-none-eabi/4.9.3/../../../arm-none-eabi/lib/armv6-m/libc_nano.a(lib_a-findfp.o)
                0x0000000000023afc                __sfp_lock_acquire
 .text.__sfp_lock_release
                0x0000000000023afe        0x2 /usr/lib/gcc/arm-none-eabi/4.9.3/../../../arm-none-eabi/lib/armv6-m/libc_nano.a(lib_a-findfp.o)
                0x0000000000023afe                __sfp_lock_release
 .text.__sinit_lock_acquire
                0x0000000000023b00        0x2 /usr/lib/gcc/arm-none-eabi/4.9.3/../../../arm-none-eabi/lib/armv6-m/libc_nano.a(lib_a-findfp.o)
                0x0000000000023b00                __sinit_lock_acquire
 .text.__sinit_lock_release
                0x0000000000023b02        0x2 /usr/lib/gcc/arm-none-eabi/4.9.3/../../../arm-none-eabi/lib/armv6-m/libc_nano.a(lib_a-findfp.o)
                0x0000000000023b02                __sinit_lock_release
 .text.__fp_lock_all
                0x0000000000023b04       0x18 /usr/lib/gcc/arm-none-eabi/4.9.3/../../../arm-none-eabi/lib/armv6-m/libc_nano.a(lib_a-findfp.o)
                0x0000000000023b04                __fp_lock_all
 .text.__fp_unlock_all
                0x0000000000023b1c       0x18 /usr/lib/gcc/arm-none-eabi/4.9.3/../../../arm-none-eabi/lib/armv6-m/libc_nano.a(lib_a-findfp.o)
                0x0000000000023b1c                __fp_unlock_all
 .text          0x0000000000023b34        0x0 /usr/lib/gcc/arm-none-eabi/4.9.3/../../../arm-none-eabi/lib/armv6-m/libc_nano.a(lib_a-fwalk.o)
 .text._fwalk   0x0000000000023b34       0x38 /usr/lib/gcc/arm-none-eabi/4.9.3/../../../arm-none-eabi/lib/armv6-m/libc_nano.a(lib_a-fwalk.o)
                0x0000000000023b34                _fwalk
 .text._fwalk_reent
                0x0000000000023b6c       0x42 /usr/lib/gcc/arm-none-eabi/4.9.3/../../../arm-none-eabi/lib/armv6-m/libc_nano.a(lib_a-fwalk.o)
                0x0000000000023b6c                _fwalk_reent
 .text          0x0000000000023bae        0x0 /usr/lib/gcc/arm-none-eabi/4.9.3/../../../arm-none-eabi/lib/armv6-m/libc_nano.a(lib_a-nano-mallocr.o)
 *fill*         0x0000000000023bae        0x2 
 .text._malloc_r
                0x0000000000023bb0       0xb0 /usr/lib/gcc/arm-none-eabi/4.9.3/../../../arm-none-eabi/lib/armv6-m/libc_nano.a(lib_a-nano-mallocr.o)
                0x0000000000023bb0                _malloc_r
 .text          0x0000000000023c60        0x0 /usr/lib/gcc/arm-none-eabi/4.9.3/../../../arm-none-eabi/lib/armv6-m/libc_nano.a(lib_a-nano-vfprintf.o)
 .text.__sfputc_r
                0x0000000000023c60       0x2a /usr/lib/gcc/arm-none-eabi/4.9.3/../../../arm-none-eabi/lib/armv6-m/libc_nano.a(lib_a-nano-vfprintf.o)
 .text.__sfputs_r
                0x0000000000023c8a       0x24 /usr/lib/gcc/arm-none-eabi/4.9.3/../../../arm-none-eabi/lib/armv6-m/libc_nano.a(lib_a-nano-vfprintf.o)
                0x0000000000023c8a                __sfputs_r
 .text.__sprint_r
                0x0000000000023cae       0x1c /usr/lib/gcc/arm-none-eabi/4.9.3/../../../arm-none-eabi/lib/armv6-m/libc_nano.a(lib_a-nano-vfprintf.o)
                0x0000000000023cae                __sprint_r
 *fill*         0x0000000000023cca        0x2 
 .text._vfprintf_r
                0x0000000000023ccc      0x220 /usr/lib/gcc/arm-none-eabi/4.9.3/../../../arm-none-eabi/lib/armv6-m/libc_nano.a(lib_a-nano-vfprintf.o)
                0x0000000000023ccc                _vfiprintf_r
                0x0000000000023ccc                _vfprintf_r
 .text.vfprintf
                0x0000000000023eec       0x1c /usr/lib/gcc/arm-none-eabi/4.9.3/../../../arm-none-eabi/lib/armv6-m/libc_nano.a(lib_a-nano-vfprintf.o)
                0x0000000000023eec                vfiprintf
                0x0000000000023eec                vfprintf
 .text          0x0000000000023f08        0x0 /usr/lib/gcc/arm-none-eabi/4.9.3/../../../arm-none-eabi/lib/armv6-m/libc_nano.a(lib_a-nano-vfprintf_i.o)
 .text._printf_common
                0x0000000000023f08       0xdc /usr/lib/gcc/arm-none-eabi/4.9.3/../../../arm-none-eabi/lib/armv6-m/libc_nano.a(lib_a-nano-vfprintf_i.o)
                0x0000000000023f08                _printf_common
 .text._printf_i
                0x0000000000023fe4      0x230 /usr/lib/gcc/arm-none-eabi/4.9.3/../../../arm-none-eabi/lib/armv6-m/libc_nano.a(lib_a-nano-vfprintf_i.o)
                0x0000000000023fe4                _printf_i
 .text          0x0000000000024214        0x0 /usr/lib/gcc/arm-none-eabi/4.9.3/../../../arm-none-eabi/lib/armv6-m/libc_nano.a(lib_a-sbrkr.o)
 .text._sbrk_r  0x0000000000024214       0x24 /usr/lib/gcc/arm-none-eabi/4.9.3/../../../arm-none-eabi/lib/armv6-m/libc_nano.a(lib_a-sbrkr.o)
                0x0000000000024214                _sbrk_r
 .text          0x0000000000024238        0x0 /usr/lib/gcc/arm-none-eabi/4.9.3/../../../arm-none-eabi/lib/armv6-m/libc_nano.a(lib_a-stdio.o)
 .text.__sread  0x0000000000024238       0x28 /usr/lib/gcc/arm-none-eabi/4.9.3/../../../arm-none-eabi/lib/armv6-m/libc_nano.a(lib_a-stdio.o)
                0x0000000000024238                __sread
 .text.__seofread
                0x0000000000024260        0x4 /usr/lib/gcc/arm-none-eabi/4.9.3/../../../arm-none-eabi/lib/armv6-m/libc_nano.a(lib_a-stdio.o)
                0x0000000000024260                __seofread
 .text.__swrite
                0x0000000000024264       0x38 /usr/lib/gcc/arm-none-eabi/4.9.3/../../../arm-none-eabi/lib/armv6-m/libc_nano.a(lib_a-stdio.o)
                0x0000000000024264                __swrite
 .text.__sseek  0x000000000002429c       0x2c /usr/lib/gcc/arm-none-eabi/4.9.3/../../../arm-none-eabi/lib/armv6-m/libc_nano.a(lib_a-stdio.o)
                0x000000000002429c                __sseek
 .text.__sclose
                0x00000000000242c8        0xc /usr/lib/gcc/arm-none-eabi/4.9.3/../../../arm-none-eabi/lib/armv6-m/libc_nano.a(lib_a-stdio.o)
                0x00000000000242c8                __sclose
 .text          0x00000000000242d4        0x0 /usr/lib/gcc/arm-none-eabi/4.9.3/../../../arm-none-eabi/lib/armv6-m/libc_nano.a(lib_a-wbuf.o)
 .text.__swbuf_r
                0x00000000000242d4       0xb0 /usr/lib/gcc/arm-none-eabi/4.9.3/../../../arm-none-eabi/lib/armv6-m/libc_nano.a(lib_a-wbuf.o)
                0x00000000000242d4                __swbuf_r
 .text.__swbuf  0x0000000000024384       0x18 /usr/lib/gcc/arm-none-eabi/4.9.3/../../../arm-none-eabi/lib/armv6-m/libc_nano.a(lib_a-wbuf.o)
                0x0000000000024384                __swbuf
 .text          0x000000000002439c        0x0 /usr/lib/gcc/arm-none-eabi/4.9.3/../../../arm-none-eabi/lib/armv6-m/libc_nano.a(lib_a-writer.o)
 .text._write_r
                0x000000000002439c       0x28 /usr/lib/gcc/arm-none-eabi/4.9.3/../../../arm-none-eabi/lib/armv6-m/libc_nano.a(lib_a-writer.o)
                0x000000000002439c                _write_r
 .text          0x00000000000243c4        0x0 /usr/lib/gcc/arm-none-eabi/4.9.3/../../../arm-none-eabi/lib/armv6-m/libc_nano.a(lib_a-wsetup.o)
 .text.__swsetup_r
                0x00000000000243c4       0xe8 /usr/lib/gcc/arm-none-eabi/4.9.3/../../../arm-none-eabi/lib/armv6-m/libc_nano.a(lib_a-wsetup.o)
                0x00000000000243c4                __swsetup_r
 .text          0x00000000000244ac        0x0 /usr/lib/gcc/arm-none-eabi/4.9.3/../../../arm-none-eabi/lib/armv6-m/libc_nano.a(lib_a-closer.o)
 .text._close_r
                0x00000000000244ac       0x24 /usr/lib/gcc/arm-none-eabi/4.9.3/../../../arm-none-eabi/lib/armv6-m/libc_nano.a(lib_a-closer.o)
                0x00000000000244ac                _close_r
 .text          0x00000000000244d0        0x0 /usr/lib/gcc/arm-none-eabi/4.9.3/../../../arm-none-eabi/lib/armv6-m/libc_nano.a(lib_a-fflush.o)
 .text.__sflush_r
                0x00000000000244d0      0x112 /usr/lib/gcc/arm-none-eabi/4.9.3/../../../arm-none-eabi/lib/armv6-m/libc_nano.a(lib_a-fflush.o)
                0x00000000000244d0                __sflush_r
 *fill*         0x00000000000245e2        0x2 
 .text._fflush_r
                0x00000000000245e4       0x58 /usr/lib/gcc/arm-none-eabi/4.9.3/../../../arm-none-eabi/lib/armv6-m/libc_nano.a(lib_a-fflush.o)
                0x00000000000245e4                _fflush_r
 .text.fflush   0x000000000002463c       0x28 /usr/lib/gcc/arm-none-eabi/4.9.3/../../../arm-none-eabi/lib/armv6-m/libc_nano.a(lib_a-fflush.o)
                0x000000000002463c                fflush
 .text          0x0000000000024664        0x0 /usr/lib/gcc/arm-none-eabi/4.9.3/../../../arm-none-eabi/lib/armv6-m/libc_nano.a(lib_a-fvwrite.o)
 .text.__sfvwrite_r
                0x0000000000024664      0x2b0 /usr/lib/gcc/arm-none-eabi/4.9.3/../../../arm-none-eabi/lib/armv6-m/libc_nano.a(lib_a-fvwrite.o)
                0x0000000000024664                __sfvwrite_r
 .text          0x0000000000024914        0x0 /usr/lib/gcc/arm-none-eabi/4.9.3/../../../arm-none-eabi/lib/armv6-m/libc_nano.a(lib_a-lseekr.o)
 .text._lseek_r
                0x0000000000024914       0x28 /usr/lib/gcc/arm-none-eabi/4.9.3/../../../arm-none-eabi/lib/armv6-m/libc_nano.a(lib_a-lseekr.o)
                0x0000000000024914                _lseek_r
 .text          0x000000000002493c        0x0 /usr/lib/gcc/arm-none-eabi/4.9.3/../../../arm-none-eabi/lib/armv6-m/libc_nano.a(lib_a-makebuf.o)
 .text.__smakebuf_r
                0x000000000002493c       0xb0 /usr/lib/gcc/arm-none-eabi/4.9.3/../../../arm-none-eabi/lib/armv6-m/libc_nano.a(lib_a-makebuf.o)
                0x000000000002493c                __smakebuf_r
 .text          0x00000000000249ec        0x0 /usr/lib/gcc/arm-none-eabi/4.9.3/../../../arm-none-eabi/lib/armv6-m/libc_nano.a(lib_a-memchr.o)
 .text.memchr   0x00000000000249ec       0x16 /usr/lib/gcc/arm-none-eabi/4.9.3/../../../arm-none-eabi/lib/armv6-m/libc_nano.a(lib_a-memchr.o)
                0x00000000000249ec                memchr
 .text          0x0000000000024a02        0x0 /usr/lib/gcc/arm-none-eabi/4.9.3/../../../arm-none-eabi/lib/armv6-m/libc_nano.a(lib_a-memmove.o)
 .text.memmove  0x0000000000024a02       0x28 /usr/lib/gcc/arm-none-eabi/4.9.3/../../../arm-none-eabi/lib/armv6-m/libc_nano.a(lib_a-memmove.o)
                0x0000000000024a02                memmove
 .text          0x0000000000024a2a        0x0 /usr/lib/gcc/arm-none-eabi/4.9.3/../../../arm-none-eabi/lib/armv6-m/libc_nano.a(lib_a-nano-freer.o)
 *fill*         0x0000000000024a2a        0x2 
 .text._free_r  0x0000000000024a2c       0x8c /usr/lib/gcc/arm-none-eabi/4.9.3/../../../arm-none-eabi/lib/armv6-m/libc_nano.a(lib_a-nano-freer.o)
                0x0000000000024a2c                _free_r
 .text          0x0000000000024ab8        0x0 /usr/lib/gcc/arm-none-eabi/4.9.3/../../../arm-none-eabi/lib/armv6-m/libc_nano.a(lib_a-nano-reallocr.o)
 .text._realloc_r
                0x0000000000024ab8       0x4c /usr/lib/gcc/arm-none-eabi/4.9.3/../../../arm-none-eabi/lib/armv6-m/libc_nano.a(lib_a-nano-reallocr.o)
                0x0000000000024ab8                _realloc_r
 .text          0x0000000000024b04        0x0 /usr/lib/gcc/arm-none-eabi/4.9.3/../../../arm-none-eabi/lib/armv6-m/libc_nano.a(lib_a-readr.o)
 .text._read_r  0x0000000000024b04       0x28 /usr/lib/gcc/arm-none-eabi/4.9.3/../../../arm-none-eabi/lib/armv6-m/libc_nano.a(lib_a-readr.o)
                0x0000000000024b04                _read_r
 .text          0x0000000000024b2c        0x0 /usr/lib/gcc/arm-none-eabi/4.9.3/../../../arm-none-eabi/lib/armv6-m/libc_nano.a(lib_a-reent.o)
 .text.cleanup_glue
                0x0000000000024b2c       0x1a /usr/lib/gcc/arm-none-eabi/4.9.3/../../../arm-none-eabi/lib/armv6-m/libc_nano.a(lib_a-reent.o)
                0x0000000000024b2c                cleanup_glue
 *fill*         0x0000000000024b46        0x2 
 .text._reclaim_reent
                0x0000000000024b48       0xcc /usr/lib/gcc/arm-none-eabi/4.9.3/../../../arm-none-eabi/lib/armv6-m/libc_nano.a(lib_a-reent.o)
                0x0000000000024b48                _reclaim_reent
 .text          0x0000000000024c14        0x0 /usr/lib/gcc/arm-none-eabi/4.9.3/../../../arm-none-eabi/lib/armv6-m/libc_nano.a(lib_a-fstatr.o)
 .text._fstat_r
                0x0000000000024c14       0x24 /usr/lib/gcc/arm-none-eabi/4.9.3/../../../arm-none-eabi/lib/armv6-m/libc_nano.a(lib_a-fstatr.o)
                0x0000000000024c14                _fstat_r
 .text          0x0000000000024c38        0x0 /usr/lib/gcc/arm-none-eabi/4.9.3/../../../arm-none-eabi/lib/armv6-m/libc_nano.a(lib_a-isattyr.o)
 .text._isatty_r
                0x0000000000024c38       0x24 /usr/lib/gcc/arm-none-eabi/4.9.3/../../../arm-none-eabi/lib/armv6-m/libc_nano.a(lib_a-isattyr.o)
                0x0000000000024c38                _isatty_r
 .text          0x0000000000024c5c        0x0 /usr/lib/gcc/arm-none-eabi/4.9.3/../../../arm-none-eabi/lib/armv6-m/libc_nano.a(lib_a-nano-msizer.o)
 .text._malloc_usable_size_r
                0x0000000000024c5c       0x16 /usr/lib/gcc/arm-none-eabi/4.9.3/../../../arm-none-eabi/lib/armv6-m/libc_nano.a(lib_a-nano-msizer.o)
                0x0000000000024c5c                _malloc_usable_size_r
 .text          0x0000000000024c72        0x0 /usr/lib/gcc/arm-none-eabi/4.9.3/armv6-m/crtend.o
 .text          0x0000000000024c72        0x0 /usr/lib/gcc/arm-none-eabi/4.9.3/armv6-m/crtn.o
 .text          0x0000000000024c72        0x0 /usr/lib/gcc/arm-none-eabi/4.9.3/../../../arm-none-eabi/lib/armv6-m/libnosys.a(close.o)
 *fill*         0x0000000000024c72        0x2 
 .text._close   0x0000000000024c74       0x10 /usr/lib/gcc/arm-none-eabi/4.9.3/../../../arm-none-eabi/lib/armv6-m/libnosys.a(close.o)
                0x0000000000024c74                _close
 .text          0x0000000000024c84        0x0 /usr/lib/gcc/arm-none-eabi/4.9.3/../../../arm-none-eabi/lib/armv6-m/libnosys.a(fstat.o)
 .text._fstat   0x0000000000024c84       0x10 /usr/lib/gcc/arm-none-eabi/4.9.3/../../../arm-none-eabi/lib/armv6-m/libnosys.a(fstat.o)
                0x0000000000024c84                _fstat
 .text          0x0000000000024c94        0x0 /usr/lib/gcc/arm-none-eabi/4.9.3/../../../arm-none-eabi/lib/armv6-m/libnosys.a(isatty.o)
 .text._isatty  0x0000000000024c94       0x10 /usr/lib/gcc/arm-none-eabi/4.9.3/../../../arm-none-eabi/lib/armv6-m/libnosys.a(isatty.o)
                0x0000000000024c94                _isatty
 .text          0x0000000000024ca4        0x0 /usr/lib/gcc/arm-none-eabi/4.9.3/../../../arm-none-eabi/lib/armv6-m/libnosys.a(lseek.o)
 .text._lseek   0x0000000000024ca4       0x10 /usr/lib/gcc/arm-none-eabi/4.9.3/../../../arm-none-eabi/lib/armv6-m/libnosys.a(lseek.o)
                0x0000000000024ca4                _lseek
 .text          0x0000000000024cb4        0x0 /usr/lib/gcc/arm-none-eabi/4.9.3/../../../arm-none-eabi/lib/armv6-m/libnosys.a(read.o)
 .text._read    0x0000000000024cb4       0x10 /usr/lib/gcc/arm-none-eabi/4.9.3/../../../arm-none-eabi/lib/armv6-m/libnosys.a(read.o)
                0x0000000000024cb4                _read
 .text          0x0000000000024cc4        0x0 /usr/lib/gcc/arm-none-eabi/4.9.3/../../../arm-none-eabi/lib/armv6-m/libnosys.a(sbrk.o)
 .text._sbrk    0x0000000000024cc4       0x1c /usr/lib/gcc/arm-none-eabi/4.9.3/../../../arm-none-eabi/lib/armv6-m/libnosys.a(sbrk.o)
                0x0000000000024cc4                _sbrk
 .text          0x0000000000024ce0        0x0 /usr/lib/gcc/arm-none-eabi/4.9.3/../../../arm-none-eabi/lib/armv6-m/libnosys.a(write.o)
 .text._write   0x0000000000024ce0       0x10 /usr/lib/gcc/arm-none-eabi/4.9.3/../../../arm-none-eabi/lib/armv6-m/libnosys.a(write.o)
                0x0000000000024ce0                _write
 .text          0x0000000000024cf0        0x0 /usr/lib/gcc/arm-none-eabi/4.9.3/../../../arm-none-eabi/lib/armv6-m/libnosys.a(_exit.o)
 .text._exit    0x0000000000024cf0        0x4 /usr/lib/gcc/arm-none-eabi/4.9.3/../../../arm-none-eabi/lib/armv6-m/libnosys.a(_exit.o)
                0x0000000000024cf0                _exit
 *(.init)
 .init          0x0000000000024cf4        0x4 /usr/lib/gcc/arm-none-eabi/4.9.3/armv6-m/crti.o
                0x0000000000024cf4                _init
 .init          0x0000000000024cf8        0x8 /usr/lib/gcc/arm-none-eabi/4.9.3/armv6-m/crtn.o
 *(.fini)
 .fini          0x0000000000024d00        0x4 /usr/lib/gcc/arm-none-eabi/4.9.3/armv6-m/crti.o
                0x0000000000024d00                _fini
 .fini          0x0000000000024d04        0x8 /usr/lib/gcc/arm-none-eabi/4.9.3/armv6-m/crtn.o
 *crtbegin.o(.ctors)
 *crtbegin?.o(.ctors)
 *(EXCLUDE_FILE(*crtend.o *crtend?.o) .ctors)
 *(SORT(.ctors.*))
 *(.ctors)
 *crtbegin.o(.dtors)
 *crtbegin?.o(.dtors)
 *(EXCLUDE_FILE(*crtend.o *crtend?.o) .dtors)
 *(SORT(.dtors.*))
 *(.dtors)
 *(.rodata*)
 .rodata        0x0000000000024d0c       0x3c src/ble/ble.o
 .rodata        0x0000000000024d48       0x14 src/ble/timeslot.o
 .rodata        0x0000000000024d5c       0x3c nrf51_sdk/nrf51822/Source/ble/ble_services/ble_srv_common.o
 .rodata        0x0000000000024d98       0x35 nrf51_sdk/nrf51822/Source/ble/ble_services/ble_dis.o
 *fill*         0x0000000000024dcd        0x3 
 .rodata        0x0000000000024dd0       0x39 nrf51_sdk/nrf51822/Source/sd_common/softdevice_handler.o
 *fill*         0x0000000000024e09        0x3 
 .rodata        0x0000000000024e0c       0x31 nrf51_sdk/nrf51822/Source/app_common/app_timer.o
 *fill*         0x0000000000024e3d        0x3 
 .rodata        0x0000000000024e40       0x1c nrf51_sdk/nrf51822/Source/app_common/pstorage.o
 .rodata        0x0000000000024e5c      0x18c nrf51_sdk/nrf51822/Source/ble/device_manager/device_manager_peripheral.o
                0x0000000000024e5c                m_service_context_store
                0x0000000000024e6c                m_service_context_load
                0x0000000000024e7c                m_service_context_apply
                0x0000000000024e8c                m_context_init_len
 .rodata        0x0000000000024fe8       0x90 src/main.o
 .rodata        0x0000000000025078       0x23 src/syslink.o
 *fill*         0x000000000002509b        0x1 
 .rodata        0x000000000002509c       0x14 src/pm.o
                0x000000000002509c                statesFunctions
 .rodata        0x00000000000250b0       0x35 src/ds28e05.o
 *fill*         0x00000000000250e5        0x3 
 .rodata        0x00000000000250e8       0x80 /usr/lib/gcc/arm-none-eabi/4.9.3/armv6-m/libgcc.a(divsf3.o)
 .rodata        0x0000000000025168       0x40 /usr/lib/gcc/arm-none-eabi/4.9.3/armv6-m/libgcc.a(mulsf3.o)
 .rodata.str1.1
                0x00000000000251a8        0x2 /usr/lib/gcc/arm-none-eabi/4.9.3/../../../arm-none-eabi/lib/armv6-m/libc_nano.a(lib_a-impure.o)
 *fill*         0x00000000000251aa        0x2 
 .rodata._global_impure_ptr
                0x00000000000251ac        0x4 /usr/lib/gcc/arm-none-eabi/4.9.3/../../../arm-none-eabi/lib/armv6-m/libc_nano.a(lib_a-impure.o)
                0x00000000000251ac                _global_impure_ptr
 .rodata.__sf_fake_stdin
                0x00000000000251b0       0x20 /usr/lib/gcc/arm-none-eabi/4.9.3/../../../arm-none-eabi/lib/armv6-m/libc_nano.a(lib_a-findfp.o)
                0x00000000000251b0                __sf_fake_stdin
 .rodata.__sf_fake_stdout
                0x00000000000251d0       0x20 /usr/lib/gcc/arm-none-eabi/4.9.3/../../../arm-none-eabi/lib/armv6-m/libc_nano.a(lib_a-findfp.o)
                0x00000000000251d0                __sf_fake_stdout
 .rodata.__sf_fake_stderr
                0x00000000000251f0       0x20 /usr/lib/gcc/arm-none-eabi/4.9.3/../../../arm-none-eabi/lib/armv6-m/libc_nano.a(lib_a-findfp.o)
                0x00000000000251f0                __sf_fake_stderr
 .rodata.str1.1
                0x0000000000025210       0x11 /usr/lib/gcc/arm-none-eabi/4.9.3/../../../arm-none-eabi/lib/armv6-m/libc_nano.a(lib_a-nano-vfprintf.o)
 .rodata.str1.1
                0x0000000000025221       0x22 /usr/lib/gcc/arm-none-eabi/4.9.3/../../../arm-none-eabi/lib/armv6-m/libc_nano.a(lib_a-nano-vfprintf_i.o)
 *(.eh_frame*)
 *fill*         0x0000000000025243        0x1 
 .eh_frame      0x0000000000025244        0x0 /usr/lib/gcc/arm-none-eabi/4.9.3/armv6-m/crtbegin.o
 .eh_frame      0x0000000000025244        0x4 /usr/lib/gcc/arm-none-eabi/4.9.3/armv6-m/crtend.o

.glue_7         0x0000000000025248        0x0
 .glue_7        0x0000000000025248        0x0 linker stubs

.glue_7t        0x0000000000025248        0x0
 .glue_7t       0x0000000000025248        0x0 linker stubs

.vfp11_veneer   0x0000000000025248        0x0
 .vfp11_veneer  0x0000000000025248        0x0 linker stubs

.v4_bx          0x0000000000025248        0x0
 .v4_bx         0x0000000000025248        0x0 linker stubs

.iplt           0x0000000000025248        0x0
 .iplt          0x0000000000025248        0x0 /usr/lib/gcc/arm-none-eabi/4.9.3/armv6-m/crtbegin.o

.ARM.extab      0x0000000000025248        0x0
 *(.ARM.extab* .gnu.linkonce.armextab.*)
 .ARM.extab     0x0000000000025248        0x0 /usr/lib/gcc/arm-none-eabi/4.9.3/../../../arm-none-eabi/lib/armv6-m/crt0.o
 .ARM.extab     0x0000000000025248        0x0 gcc_startup_nrf51.o
                0x0000000000025248                __exidx_start = .

.ARM.exidx      0x0000000000025248        0x8
 *(.ARM.exidx* .gnu.linkonce.armexidx.*)
 .ARM.exidx     0x0000000000025248        0x8 /usr/lib/gcc/arm-none-eabi/4.9.3/../../../arm-none-eabi/lib/armv6-m/crt0.o
 .ARM.exidx     0x0000000000025250        0x0 gcc_startup_nrf51.o
                                          0x8 (size before relaxing)
                0x0000000000025250                __exidx_end = .
                0x0000000000025250                __etext = .

.rel.dyn        0x0000000000025250        0x0
 .rel.iplt      0x0000000000025250        0x0 /usr/lib/gcc/arm-none-eabi/4.9.3/armv6-m/crtbegin.o

.data           0x0000000020002000      0x25c load address 0x0000000000025250
                0x0000000020002000                __data_start__ = .
 *(vtable)
 *(.data*)
 .data          0x0000000020002000        0x0 /usr/lib/gcc/arm-none-eabi/4.9.3/armv6-m/crti.o
 .data          0x0000000020002000        0x4 /usr/lib/gcc/arm-none-eabi/4.9.3/armv6-m/crtbegin.o
                0x0000000020002000                __dso_handle
 .data          0x0000000020002004        0x0 /usr/lib/gcc/arm-none-eabi/4.9.3/../../../arm-none-eabi/lib/armv6-m/crt0.o
 .data          0x0000000020002004        0x0 src/ble/ble.o
 .data          0x0000000020002004       0x89 src/ble/ble_crazyflies.o
 *fill*         0x000000002000208d        0x3 
 .data          0x0000000020002090       0x10 src/ble/timeslot.o
 .data          0x00000000200020a0        0x0 nrf51_sdk/nrf51822/Source/ble/ble_advdata.o
 .data          0x00000000200020a0        0x0 nrf51_sdk/nrf51822/Source/ble/ble_conn_params.o
 .data          0x00000000200020a0        0x0 nrf51_sdk/nrf51822/Source/ble/ble_services/ble_srv_common.o
 .data          0x00000000200020a0        0x0 nrf51_sdk/nrf51822/Source/ble/ble_services/ble_dis.o
 .data          0x00000000200020a0        0x0 nrf51_sdk/nrf51822/Source/sd_common/softdevice_handler.o
 .data          0x00000000200020a0        0x0 nrf51_sdk/nrf51822/Source/app_common/app_timer.o
 .data          0x00000000200020a0        0x0 nrf51_sdk/nrf51822/Source/app_common/pstorage.o
 .data          0x00000000200020a0        0x0 nrf51_sdk/nrf51822/Source/ble/device_manager/device_manager_peripheral.o
 .data          0x00000000200020a0        0x0 src/main.o
 .data          0x00000000200020a0        0x0 gcc_startup_nrf51.o
 .data          0x00000000200020a0        0x4 system_nrf51.o
                0x00000000200020a0                SystemCoreClock
 .data          0x00000000200020a4        0x0 src/uart.o
 .data          0x00000000200020a4        0x0 src/syslink.o
 .data          0x00000000200020a4        0x0 src/pm.o
 .data          0x00000000200020a4        0x0 src/systick.o
 .data          0x00000000200020a4        0x0 src/button.o
 .data          0x00000000200020a4        0x0 src/swd.o
 .data          0x00000000200020a4        0x0 src/ow.o
 .data          0x00000000200020a4        0x0 src/ow/owlnk.o
 .data          0x00000000200020a4        0x0 src/ow/ownet.o
 .data          0x00000000200020a4        0x0 src/ow/owtran.o
 .data          0x00000000200020a4      0x120 src/ow/crcutil.o
 .data          0x00000000200021c4        0x0 src/ds2431.o
 .data          0x00000000200021c4        0x0 src/ds28e05.o
 *fill*         0x00000000200021c4        0x4 
 .data          0x00000000200021c8       0x20 src/esb.o
 .data          0x00000000200021e8        0x0 src/memory.o
 .data          0x00000000200021e8        0x0 /usr/lib/gcc/arm-none-eabi/4.9.3/armv6-m/libgcc.a(_udivsi3.o)
 .data          0x00000000200021e8        0x0 /usr/lib/gcc/arm-none-eabi/4.9.3/armv6-m/libgcc.a(_divsi3.o)
 .data          0x00000000200021e8        0x0 /usr/lib/gcc/arm-none-eabi/4.9.3/armv6-m/libgcc.a(_dvmd_tls.o)
 .data          0x00000000200021e8        0x0 /usr/lib/gcc/arm-none-eabi/4.9.3/armv6-m/libgcc.a(divsf3.o)
 .data          0x00000000200021e8        0x0 /usr/lib/gcc/arm-none-eabi/4.9.3/armv6-m/libgcc.a(mulsf3.o)
 .data          0x00000000200021e8        0x0 /usr/lib/gcc/arm-none-eabi/4.9.3/armv6-m/libgcc.a(floatsisf.o)
 .data          0x00000000200021e8        0x0 /usr/lib/gcc/arm-none-eabi/4.9.3/armv6-m/libgcc.a(_clzsi2.o)
 .data          0x00000000200021e8        0x0 /usr/lib/gcc/arm-none-eabi/4.9.3/../../../arm-none-eabi/lib/armv6-m/libc_nano.a(lib_a-atexit.o)
 .data          0x00000000200021e8        0x0 /usr/lib/gcc/arm-none-eabi/4.9.3/../../../arm-none-eabi/lib/armv6-m/libc_nano.a(lib_a-bzero.o)
 .data          0x00000000200021e8        0x0 /usr/lib/gcc/arm-none-eabi/4.9.3/../../../arm-none-eabi/lib/armv6-m/libc_nano.a(lib_a-errno.o)
 .data          0x00000000200021e8        0x0 /usr/lib/gcc/arm-none-eabi/4.9.3/../../../arm-none-eabi/lib/armv6-m/libc_nano.a(lib_a-exit.o)
 .data          0x00000000200021e8        0x0 /usr/lib/gcc/arm-none-eabi/4.9.3/../../../arm-none-eabi/lib/armv6-m/libc_nano.a(lib_a-fini.o)
 .data          0x00000000200021e8        0x0 /usr/lib/gcc/arm-none-eabi/4.9.3/../../../arm-none-eabi/lib/armv6-m/libc_nano.a(lib_a-impure.o)
 .data.impure_data
                0x00000000200021e8       0x60 /usr/lib/gcc/arm-none-eabi/4.9.3/../../../arm-none-eabi/lib/armv6-m/libc_nano.a(lib_a-impure.o)
 .data._impure_ptr
                0x0000000020002248        0x4 /usr/lib/gcc/arm-none-eabi/4.9.3/../../../arm-none-eabi/lib/armv6-m/libc_nano.a(lib_a-impure.o)
                0x0000000020002248                _impure_ptr
 .data          0x000000002000224c        0x0 /usr/lib/gcc/arm-none-eabi/4.9.3/../../../arm-none-eabi/lib/armv6-m/libc_nano.a(lib_a-init.o)
 .data          0x000000002000224c        0x0 /usr/lib/gcc/arm-none-eabi/4.9.3/../../../arm-none-eabi/lib/armv6-m/libc_nano.a(lib_a-memcmp.o)
 .data          0x000000002000224c        0x0 /usr/lib/gcc/arm-none-eabi/4.9.3/../../../arm-none-eabi/lib/armv6-m/libc_nano.a(lib_a-memcpy.o)
 .data          0x000000002000224c        0x0 /usr/lib/gcc/arm-none-eabi/4.9.3/../../../arm-none-eabi/lib/armv6-m/libc_nano.a(lib_a-memset.o)
 .data          0x000000002000224c        0x0 /usr/lib/gcc/arm-none-eabi/4.9.3/../../../arm-none-eabi/lib/armv6-m/libc_nano.a(lib_a-printf.o)
 .data          0x000000002000224c        0x0 /usr/lib/gcc/arm-none-eabi/4.9.3/../../../arm-none-eabi/lib/armv6-m/libc_nano.a(lib_a-strlen.o)
 .data          0x000000002000224c        0x0 /usr/lib/gcc/arm-none-eabi/4.9.3/../../../arm-none-eabi/lib/armv6-m/libc_nano.a(lib_a-__atexit.o)
 .data.__atexit_dummy
                0x000000002000224c        0x4 /usr/lib/gcc/arm-none-eabi/4.9.3/../../../arm-none-eabi/lib/armv6-m/libc_nano.a(lib_a-__atexit.o)
                0x000000002000224c                __atexit_dummy
 .data          0x0000000020002250        0x0 /usr/lib/gcc/arm-none-eabi/4.9.3/../../../arm-none-eabi/lib/armv6-m/libc_nano.a(lib_a-__call_atexit.o)
 .data          0x0000000020002250        0x0 /usr/lib/gcc/arm-none-eabi/4.9.3/../../../arm-none-eabi/lib/armv6-m/libc_nano.a(lib_a-findfp.o)
 .data          0x0000000020002250        0x0 /usr/lib/gcc/arm-none-eabi/4.9.3/../../../arm-none-eabi/lib/armv6-m/libc_nano.a(lib_a-fwalk.o)
 .data          0x0000000020002250        0x0 /usr/lib/gcc/arm-none-eabi/4.9.3/../../../arm-none-eabi/lib/armv6-m/libc_nano.a(lib_a-nano-mallocr.o)
 .data          0x0000000020002250        0x0 /usr/lib/gcc/arm-none-eabi/4.9.3/../../../arm-none-eabi/lib/armv6-m/libc_nano.a(lib_a-nano-vfprintf.o)
 .data          0x0000000020002250        0x0 /usr/lib/gcc/arm-none-eabi/4.9.3/../../../arm-none-eabi/lib/armv6-m/libc_nano.a(lib_a-nano-vfprintf_i.o)
 .data          0x0000000020002250        0x0 /usr/lib/gcc/arm-none-eabi/4.9.3/../../../arm-none-eabi/lib/armv6-m/libc_nano.a(lib_a-sbrkr.o)
 .data          0x0000000020002250        0x0 /usr/lib/gcc/arm-none-eabi/4.9.3/../../../arm-none-eabi/lib/armv6-m/libc_nano.a(lib_a-stdio.o)
 .data          0x0000000020002250        0x0 /usr/lib/gcc/arm-none-eabi/4.9.3/../../../arm-none-eabi/lib/armv6-m/libc_nano.a(lib_a-wbuf.o)
 .data          0x0000000020002250        0x0 /usr/lib/gcc/arm-none-eabi/4.9.3/../../../arm-none-eabi/lib/armv6-m/libc_nano.a(lib_a-writer.o)
 .data          0x0000000020002250        0x0 /usr/lib/gcc/arm-none-eabi/4.9.3/../../../arm-none-eabi/lib/armv6-m/libc_nano.a(lib_a-wsetup.o)
 .data          0x0000000020002250        0x0 /usr/lib/gcc/arm-none-eabi/4.9.3/../../../arm-none-eabi/lib/armv6-m/libc_nano.a(lib_a-closer.o)
 .data          0x0000000020002250        0x0 /usr/lib/gcc/arm-none-eabi/4.9.3/../../../arm-none-eabi/lib/armv6-m/libc_nano.a(lib_a-fflush.o)
 .data          0x0000000020002250        0x0 /usr/lib/gcc/arm-none-eabi/4.9.3/../../../arm-none-eabi/lib/armv6-m/libc_nano.a(lib_a-fvwrite.o)
 .data          0x0000000020002250        0x0 /usr/lib/gcc/arm-none-eabi/4.9.3/../../../arm-none-eabi/lib/armv6-m/libc_nano.a(lib_a-lseekr.o)
 .data          0x0000000020002250        0x0 /usr/lib/gcc/arm-none-eabi/4.9.3/../../../arm-none-eabi/lib/armv6-m/libc_nano.a(lib_a-makebuf.o)
 .data          0x0000000020002250        0x0 /usr/lib/gcc/arm-none-eabi/4.9.3/../../../arm-none-eabi/lib/armv6-m/libc_nano.a(lib_a-memchr.o)
 .data          0x0000000020002250        0x0 /usr/lib/gcc/arm-none-eabi/4.9.3/../../../arm-none-eabi/lib/armv6-m/libc_nano.a(lib_a-memmove.o)
 .data          0x0000000020002250        0x0 /usr/lib/gcc/arm-none-eabi/4.9.3/../../../arm-none-eabi/lib/armv6-m/libc_nano.a(lib_a-nano-freer.o)
 .data          0x0000000020002250        0x0 /usr/lib/gcc/arm-none-eabi/4.9.3/../../../arm-none-eabi/lib/armv6-m/libc_nano.a(lib_a-nano-reallocr.o)
 .data          0x0000000020002250        0x0 /usr/lib/gcc/arm-none-eabi/4.9.3/../../../arm-none-eabi/lib/armv6-m/libc_nano.a(lib_a-readr.o)
 .data          0x0000000020002250        0x0 /usr/lib/gcc/arm-none-eabi/4.9.3/../../../arm-none-eabi/lib/armv6-m/libc_nano.a(lib_a-reent.o)
 .data          0x0000000020002250        0x0 /usr/lib/gcc/arm-none-eabi/4.9.3/../../../arm-none-eabi/lib/armv6-m/libc_nano.a(lib_a-fstatr.o)
 .data          0x0000000020002250        0x0 /usr/lib/gcc/arm-none-eabi/4.9.3/../../../arm-none-eabi/lib/armv6-m/libc_nano.a(lib_a-isattyr.o)
 .data          0x0000000020002250        0x0 /usr/lib/gcc/arm-none-eabi/4.9.3/../../../arm-none-eabi/lib/armv6-m/libc_nano.a(lib_a-nano-msizer.o)
 .data          0x0000000020002250        0x0 /usr/lib/gcc/arm-none-eabi/4.9.3/armv6-m/crtend.o
 .data          0x0000000020002250        0x0 /usr/lib/gcc/arm-none-eabi/4.9.3/armv6-m/crtn.o
 .data          0x0000000020002250        0x0 /usr/lib/gcc/arm-none-eabi/4.9.3/../../../arm-none-eabi/lib/armv6-m/libnosys.a(close.o)
 .data          0x0000000020002250        0x0 /usr/lib/gcc/arm-none-eabi/4.9.3/../../../arm-none-eabi/lib/armv6-m/libnosys.a(fstat.o)
 .data          0x0000000020002250        0x0 /usr/lib/gcc/arm-none-eabi/4.9.3/../../../arm-none-eabi/lib/armv6-m/libnosys.a(isatty.o)
 .data          0x0000000020002250        0x0 /usr/lib/gcc/arm-none-eabi/4.9.3/../../../arm-none-eabi/lib/armv6-m/libnosys.a(lseek.o)
 .data          0x0000000020002250        0x0 /usr/lib/gcc/arm-none-eabi/4.9.3/../../../arm-none-eabi/lib/armv6-m/libnosys.a(read.o)
 .data          0x0000000020002250        0x0 /usr/lib/gcc/arm-none-eabi/4.9.3/../../../arm-none-eabi/lib/armv6-m/libnosys.a(sbrk.o)
 .data          0x0000000020002250        0x0 /usr/lib/gcc/arm-none-eabi/4.9.3/../../../arm-none-eabi/lib/armv6-m/libnosys.a(write.o)
 .data          0x0000000020002250        0x0 /usr/lib/gcc/arm-none-eabi/4.9.3/../../../arm-none-eabi/lib/armv6-m/libnosys.a(_exit.o)
                0x0000000020002250                . = ALIGN (0x4)
                0x0000000020002250                PROVIDE (__preinit_array_start, .)
 *(.preinit_array)
                0x0000000020002250                PROVIDE (__preinit_array_end, .)
                0x0000000020002250                . = ALIGN (0x4)
                0x0000000020002250                PROVIDE (__init_array_start, .)
 *(SORT(.init_array.*))
 *(.init_array)
 .init_array    0x0000000020002250        0x4 /usr/lib/gcc/arm-none-eabi/4.9.3/armv6-m/crtbegin.o
                0x0000000020002254                PROVIDE (__init_array_end, .)
                0x0000000020002254                . = ALIGN (0x4)
                0x0000000020002254                PROVIDE (__fini_array_start, .)
 *(SORT(.fini_array.*))
 *(.fini_array)
 .fini_array    0x0000000020002254        0x4 /usr/lib/gcc/arm-none-eabi/4.9.3/armv6-m/crtbegin.o
                0x0000000020002258                PROVIDE (__fini_array_end, .)
 *(.jcr)
 .jcr           0x0000000020002258        0x0 /usr/lib/gcc/arm-none-eabi/4.9.3/armv6-m/crtbegin.o
 .jcr           0x0000000020002258        0x4 /usr/lib/gcc/arm-none-eabi/4.9.3/armv6-m/crtend.o
                0x000000002000225c                . = ALIGN (0x4)
                0x000000002000225c                __data_end__ = .

.tm_clone_table
                0x000000002000225c        0x0 load address 0x00000000000254ac
 .tm_clone_table
                0x000000002000225c        0x0 /usr/lib/gcc/arm-none-eabi/4.9.3/armv6-m/crtbegin.o
 .tm_clone_table
                0x000000002000225c        0x0 /usr/lib/gcc/arm-none-eabi/4.9.3/armv6-m/crtend.o

.igot.plt       0x000000002000225c        0x0 load address 0x00000000000254ac
 .igot.plt      0x000000002000225c        0x0 /usr/lib/gcc/arm-none-eabi/4.9.3/armv6-m/crtbegin.o

.bss            0x000000002000225c     0x1130 load address 0x00000000000254ac
                0x000000002000225c                . = ALIGN (0x4)
                0x000000002000225c                __bss_start__ = .
 *(.bss*)
 .bss           0x000000002000225c        0x0 /usr/lib/gcc/arm-none-eabi/4.9.3/armv6-m/crti.o
 .bss           0x000000002000225c       0x1c /usr/lib/gcc/arm-none-eabi/4.9.3/armv6-m/crtbegin.o
 .bss           0x0000000020002278        0x0 /usr/lib/gcc/arm-none-eabi/4.9.3/../../../arm-none-eabi/lib/armv6-m/crt0.o
 .bss           0x0000000020002278      0x320 src/ble/ble.o
 .bss           0x0000000020002598       0x84 src/ble/ble_crazyflies.o
 .bss           0x000000002000261c        0x8 src/ble/timeslot.o
 .bss           0x0000000020002624        0x0 nrf51_sdk/nrf51822/Source/ble/ble_advdata.o
 .bss           0x0000000020002624       0x35 nrf51_sdk/nrf51822/Source/ble/ble_conn_params.o
 .bss           0x0000000020002659        0x0 nrf51_sdk/nrf51822/Source/ble/ble_services/ble_srv_common.o
 *fill*         0x0000000020002659        0x3 
 .bss           0x000000002000265c       0x4c nrf51_sdk/nrf51822/Source/ble/ble_services/ble_dis.o
 .bss           0x00000000200026a8       0x14 nrf51_sdk/nrf51822/Source/sd_common/softdevice_handler.o
 .bss           0x00000000200026bc       0x29 nrf51_sdk/nrf51822/Source/app_common/app_timer.o
 *fill*         0x00000000200026e5        0x3 
 .bss           0x00000000200026e8       0xe8 nrf51_sdk/nrf51822/Source/app_common/pstorage.o
 .bss           0x00000000200027d0      0x11f nrf51_sdk/nrf51822/Source/ble/device_manager/device_manager_peripheral.o
 *fill*         0x00000000200028ef        0x1 
 .bss           0x00000000200028f0       0xe0 src/main.o
 .bss           0x00000000200029d0        0x0 gcc_startup_nrf51.o
 .bss           0x00000000200029d0        0x0 system_nrf51.o
 .bss           0x00000000200029d0       0x98 src/uart.o
                0x0000000020002a64                error
 .bss           0x0000000020002a68       0x10 src/syslink.o
 .bss           0x0000000020002a78       0x14 src/pm.o
 .bss           0x0000000020002a8c        0x4 src/systick.o
 .bss           0x0000000020002a90       0x10 src/button.o
 .bss           0x0000000020002aa0        0x0 src/swd.o
 .bss           0x0000000020002aa0        0x0 src/ow.o
 .bss           0x0000000020002aa0        0x8 src/ow/owlnk.o
 .bss           0x0000000020002aa8       0xc0 src/ow/ownet.o
 .bss           0x0000000020002b68        0x0 src/ow/owtran.o
 .bss           0x0000000020002b68        0x0 src/ow/crcutil.o
 .bss           0x0000000020002b68        0x0 src/ds2431.o
 .bss           0x0000000020002b68        0x0 src/ds28e05.o
 .bss           0x0000000020002b68      0x600 src/esb.o
 .bss           0x0000000020003168       0x8a src/memory.o
 .bss           0x00000000200031f2        0x0 /usr/lib/gcc/arm-none-eabi/4.9.3/armv6-m/libgcc.a(_udivsi3.o)
 .bss           0x00000000200031f2        0x0 /usr/lib/gcc/arm-none-eabi/4.9.3/armv6-m/libgcc.a(_divsi3.o)
 .bss           0x00000000200031f2        0x0 /usr/lib/gcc/arm-none-eabi/4.9.3/armv6-m/libgcc.a(_dvmd_tls.o)
 .bss           0x00000000200031f2        0x0 /usr/lib/gcc/arm-none-eabi/4.9.3/armv6-m/libgcc.a(divsf3.o)
 .bss           0x00000000200031f2        0x0 /usr/lib/gcc/arm-none-eabi/4.9.3/armv6-m/libgcc.a(mulsf3.o)
 .bss           0x00000000200031f2        0x0 /usr/lib/gcc/arm-none-eabi/4.9.3/armv6-m/libgcc.a(floatsisf.o)
 .bss           0x00000000200031f2        0x0 /usr/lib/gcc/arm-none-eabi/4.9.3/armv6-m/libgcc.a(_clzsi2.o)
 .bss           0x00000000200031f2        0x0 /usr/lib/gcc/arm-none-eabi/4.9.3/../../../arm-none-eabi/lib/armv6-m/libc_nano.a(lib_a-atexit.o)
 .bss           0x00000000200031f2        0x0 /usr/lib/gcc/arm-none-eabi/4.9.3/../../../arm-none-eabi/lib/armv6-m/libc_nano.a(lib_a-bzero.o)
 .bss           0x00000000200031f2        0x0 /usr/lib/gcc/arm-none-eabi/4.9.3/../../../arm-none-eabi/lib/armv6-m/libc_nano.a(lib_a-errno.o)
 .bss           0x00000000200031f2        0x0 /usr/lib/gcc/arm-none-eabi/4.9.3/../../../arm-none-eabi/lib/armv6-m/libc_nano.a(lib_a-exit.o)
 .bss           0x00000000200031f2        0x0 /usr/lib/gcc/arm-none-eabi/4.9.3/../../../arm-none-eabi/lib/armv6-m/libc_nano.a(lib_a-fini.o)
 .bss           0x00000000200031f2        0x0 /usr/lib/gcc/arm-none-eabi/4.9.3/../../../arm-none-eabi/lib/armv6-m/libc_nano.a(lib_a-impure.o)
 .bss           0x00000000200031f2        0x0 /usr/lib/gcc/arm-none-eabi/4.9.3/../../../arm-none-eabi/lib/armv6-m/libc_nano.a(lib_a-init.o)
 .bss           0x00000000200031f2        0x0 /usr/lib/gcc/arm-none-eabi/4.9.3/../../../arm-none-eabi/lib/armv6-m/libc_nano.a(lib_a-memcmp.o)
 .bss           0x00000000200031f2        0x0 /usr/lib/gcc/arm-none-eabi/4.9.3/../../../arm-none-eabi/lib/armv6-m/libc_nano.a(lib_a-memcpy.o)
 .bss           0x00000000200031f2        0x0 /usr/lib/gcc/arm-none-eabi/4.9.3/../../../arm-none-eabi/lib/armv6-m/libc_nano.a(lib_a-memset.o)
 .bss           0x00000000200031f2        0x0 /usr/lib/gcc/arm-none-eabi/4.9.3/../../../arm-none-eabi/lib/armv6-m/libc_nano.a(lib_a-printf.o)
 .bss           0x00000000200031f2        0x0 /usr/lib/gcc/arm-none-eabi/4.9.3/../../../arm-none-eabi/lib/armv6-m/libc_nano.a(lib_a-strlen.o)
 .bss           0x00000000200031f2        0x0 /usr/lib/gcc/arm-none-eabi/4.9.3/../../../arm-none-eabi/lib/armv6-m/libc_nano.a(lib_a-__atexit.o)
 *fill*         0x00000000200031f2        0x2 
 .bss._global_atexit0
                0x00000000200031f4       0x8c /usr/lib/gcc/arm-none-eabi/4.9.3/../../../arm-none-eabi/lib/armv6-m/libc_nano.a(lib_a-__atexit.o)
 .bss           0x0000000020003280        0x0 /usr/lib/gcc/arm-none-eabi/4.9.3/../../../arm-none-eabi/lib/armv6-m/libc_nano.a(lib_a-__call_atexit.o)
 .bss._global_atexit
                0x0000000020003280        0x4 /usr/lib/gcc/arm-none-eabi/4.9.3/../../../arm-none-eabi/lib/armv6-m/libc_nano.a(lib_a-__call_atexit.o)
                0x0000000020003280                _global_atexit
 .bss           0x0000000020003284        0x0 /usr/lib/gcc/arm-none-eabi/4.9.3/../../../arm-none-eabi/lib/armv6-m/libc_nano.a(lib_a-findfp.o)
 .bss           0x0000000020003284        0x0 /usr/lib/gcc/arm-none-eabi/4.9.3/../../../arm-none-eabi/lib/armv6-m/libc_nano.a(lib_a-fwalk.o)
 .bss           0x0000000020003284        0x0 /usr/lib/gcc/arm-none-eabi/4.9.3/../../../arm-none-eabi/lib/armv6-m/libc_nano.a(lib_a-nano-mallocr.o)
 .bss.__malloc_sbrk_start
                0x0000000020003284        0x4 /usr/lib/gcc/arm-none-eabi/4.9.3/../../../arm-none-eabi/lib/armv6-m/libc_nano.a(lib_a-nano-mallocr.o)
                0x0000000020003284                __malloc_sbrk_start
 .bss.__malloc_free_list
                0x0000000020003288        0x4 /usr/lib/gcc/arm-none-eabi/4.9.3/../../../arm-none-eabi/lib/armv6-m/libc_nano.a(lib_a-nano-mallocr.o)
                0x0000000020003288                __malloc_free_list
 .bss           0x000000002000328c        0x0 /usr/lib/gcc/arm-none-eabi/4.9.3/../../../arm-none-eabi/lib/armv6-m/libc_nano.a(lib_a-nano-vfprintf.o)
 .bss           0x000000002000328c        0x0 /usr/lib/gcc/arm-none-eabi/4.9.3/../../../arm-none-eabi/lib/armv6-m/libc_nano.a(lib_a-nano-vfprintf_i.o)
 .bss           0x000000002000328c        0x0 /usr/lib/gcc/arm-none-eabi/4.9.3/../../../arm-none-eabi/lib/armv6-m/libc_nano.a(lib_a-sbrkr.o)
 .bss           0x000000002000328c        0x0 /usr/lib/gcc/arm-none-eabi/4.9.3/../../../arm-none-eabi/lib/armv6-m/libc_nano.a(lib_a-stdio.o)
 .bss           0x000000002000328c        0x0 /usr/lib/gcc/arm-none-eabi/4.9.3/../../../arm-none-eabi/lib/armv6-m/libc_nano.a(lib_a-wbuf.o)
 .bss           0x000000002000328c        0x0 /usr/lib/gcc/arm-none-eabi/4.9.3/../../../arm-none-eabi/lib/armv6-m/libc_nano.a(lib_a-writer.o)
 .bss           0x000000002000328c        0x0 /usr/lib/gcc/arm-none-eabi/4.9.3/../../../arm-none-eabi/lib/armv6-m/libc_nano.a(lib_a-wsetup.o)
 .bss           0x000000002000328c        0x0 /usr/lib/gcc/arm-none-eabi/4.9.3/../../../arm-none-eabi/lib/armv6-m/libc_nano.a(lib_a-closer.o)
 .bss           0x000000002000328c        0x0 /usr/lib/gcc/arm-none-eabi/4.9.3/../../../arm-none-eabi/lib/armv6-m/libc_nano.a(lib_a-fflush.o)
 .bss           0x000000002000328c        0x0 /usr/lib/gcc/arm-none-eabi/4.9.3/../../../arm-none-eabi/lib/armv6-m/libc_nano.a(lib_a-fvwrite.o)
 .bss           0x000000002000328c        0x0 /usr/lib/gcc/arm-none-eabi/4.9.3/../../../arm-none-eabi/lib/armv6-m/libc_nano.a(lib_a-lseekr.o)
 .bss           0x000000002000328c        0x0 /usr/lib/gcc/arm-none-eabi/4.9.3/../../../arm-none-eabi/lib/armv6-m/libc_nano.a(lib_a-makebuf.o)
 .bss           0x000000002000328c        0x0 /usr/lib/gcc/arm-none-eabi/4.9.3/../../../arm-none-eabi/lib/armv6-m/libc_nano.a(lib_a-memchr.o)
 .bss           0x000000002000328c        0x0 /usr/lib/gcc/arm-none-eabi/4.9.3/../../../arm-none-eabi/lib/armv6-m/libc_nano.a(lib_a-memmove.o)
 .bss           0x000000002000328c        0x0 /usr/lib/gcc/arm-none-eabi/4.9.3/../../../arm-none-eabi/lib/armv6-m/libc_nano.a(lib_a-nano-freer.o)
 .bss           0x000000002000328c        0x0 /usr/lib/gcc/arm-none-eabi/4.9.3/../../../arm-none-eabi/lib/armv6-m/libc_nano.a(lib_a-nano-reallocr.o)
 .bss           0x000000002000328c        0x0 /usr/lib/gcc/arm-none-eabi/4.9.3/../../../arm-none-eabi/lib/armv6-m/libc_nano.a(lib_a-readr.o)
 .bss           0x000000002000328c        0x0 /usr/lib/gcc/arm-none-eabi/4.9.3/../../../arm-none-eabi/lib/armv6-m/libc_nano.a(lib_a-reent.o)
 .bss           0x000000002000328c        0x0 /usr/lib/gcc/arm-none-eabi/4.9.3/../../../arm-none-eabi/lib/armv6-m/libc_nano.a(lib_a-fstatr.o)
 .bss           0x000000002000328c        0x0 /usr/lib/gcc/arm-none-eabi/4.9.3/../../../arm-none-eabi/lib/armv6-m/libc_nano.a(lib_a-isattyr.o)
 .bss           0x000000002000328c        0x0 /usr/lib/gcc/arm-none-eabi/4.9.3/../../../arm-none-eabi/lib/armv6-m/libc_nano.a(lib_a-nano-msizer.o)
 .bss           0x000000002000328c        0x0 /usr/lib/gcc/arm-none-eabi/4.9.3/armv6-m/crtend.o
 .bss           0x000000002000328c        0x0 /usr/lib/gcc/arm-none-eabi/4.9.3/armv6-m/crtn.o
 .bss           0x000000002000328c        0x0 /usr/lib/gcc/arm-none-eabi/4.9.3/../../../arm-none-eabi/lib/armv6-m/libnosys.a(close.o)
 .bss           0x000000002000328c        0x0 /usr/lib/gcc/arm-none-eabi/4.9.3/../../../arm-none-eabi/lib/armv6-m/libnosys.a(fstat.o)
 .bss           0x000000002000328c        0x0 /usr/lib/gcc/arm-none-eabi/4.9.3/../../../arm-none-eabi/lib/armv6-m/libnosys.a(isatty.o)
 .bss           0x000000002000328c        0x0 /usr/lib/gcc/arm-none-eabi/4.9.3/../../../arm-none-eabi/lib/armv6-m/libnosys.a(lseek.o)
 .bss           0x000000002000328c        0x0 /usr/lib/gcc/arm-none-eabi/4.9.3/../../../arm-none-eabi/lib/armv6-m/libnosys.a(read.o)
 .bss           0x000000002000328c        0x0 /usr/lib/gcc/arm-none-eabi/4.9.3/../../../arm-none-eabi/lib/armv6-m/libnosys.a(sbrk.o)
 .bss.heap_end.4079
                0x000000002000328c        0x4 /usr/lib/gcc/arm-none-eabi/4.9.3/../../../arm-none-eabi/lib/armv6-m/libnosys.a(sbrk.o)
 .bss           0x0000000020003290        0x0 /usr/lib/gcc/arm-none-eabi/4.9.3/../../../arm-none-eabi/lib/armv6-m/libnosys.a(write.o)
 .bss           0x0000000020003290        0x0 /usr/lib/gcc/arm-none-eabi/4.9.3/../../../arm-none-eabi/lib/armv6-m/libnosys.a(_exit.o)
 *(COMMON)
 COMMON         0x0000000020003290       0x47 src/swd.o
                0x0000000020003290                rx_data
                0x00000000200032b4                tx_data
 *fill*         0x00000000200032d7        0x1 
 COMMON         0x00000000200032d8       0x80 src/ow/ownet.o
                0x00000000200032d8                SerialNum
 COMMON         0x0000000020003358       0x30 src/ow/crcutil.o
                0x0000000020003358                utilcrc8
                0x0000000020003368                utilcrc16
 COMMON         0x0000000020003388        0x4 /usr/lib/gcc/arm-none-eabi/4.9.3/../../../arm-none-eabi/lib/armv6-m/libc_nano.a(lib_a-reent.o)
                0x0000000020003388                errno
                0x000000002000338c                . = ALIGN (0x4)
                0x000000002000338c                __bss_end__ = .

.heap           0x0000000020003390       0x80
                0x0000000020003390                __end__ = .
                0x0000000020003390                end = __end__
 *(.heap*)
 .heap          0x0000000020003390       0x80 gcc_startup_nrf51.o
                0x0000000020003390                __HeapBase
                0x0000000020003410                __HeapLimit = .

.stack_dummy    0x0000000020003390      0x800
 *(.stack*)
 .stack         0x0000000020003390      0x800 gcc_startup_nrf51.o
                0x0000000020004000                __StackTop = (ORIGIN (RAM) + LENGTH (RAM))
                0x0000000020003800                __StackLimit = (__StackTop - SIZEOF (.stack_dummy))
                0x0000000020004000                PROVIDE (__stack, __StackTop)
                0x0000000000000001                ASSERT ((__StackLimit >= __HeapLimit), region RAM overflowed with stack)
OUTPUT(cf2_nrf.elf elf32-littlearm)

.ARM.attributes
                0x0000000000000000       0x28
 .ARM.attributes
                0x0000000000000000       0x1e /usr/lib/gcc/arm-none-eabi/4.9.3/armv6-m/crti.o
 .ARM.attributes
                0x000000000000001e       0x2c /usr/lib/gcc/arm-none-eabi/4.9.3/armv6-m/crtbegin.o
 .ARM.attributes
                0x000000000000004a       0x1b /usr/lib/gcc/arm-none-eabi/4.9.3/../../../arm-none-eabi/lib/armv6-m/crt0.o
 .ARM.attributes
                0x0000000000000065       0x2d src/ble/ble.o
 .ARM.attributes
                0x0000000000000092       0x2d src/ble/ble_crazyflies.o
 .ARM.attributes
                0x00000000000000bf       0x2d src/ble/timeslot.o
 .ARM.attributes
                0x00000000000000ec       0x2d nrf51_sdk/nrf51822/Source/ble/ble_advdata.o
 .ARM.attributes
                0x0000000000000119       0x2d nrf51_sdk/nrf51822/Source/ble/ble_conn_params.o
 .ARM.attributes
                0x0000000000000146       0x2d nrf51_sdk/nrf51822/Source/ble/ble_services/ble_srv_common.o
 .ARM.attributes
                0x0000000000000173       0x2d nrf51_sdk/nrf51822/Source/ble/ble_services/ble_dis.o
 .ARM.attributes
                0x00000000000001a0       0x2d nrf51_sdk/nrf51822/Source/sd_common/softdevice_handler.o
 .ARM.attributes
                0x00000000000001cd       0x2d nrf51_sdk/nrf51822/Source/app_common/app_timer.o
 .ARM.attributes
                0x00000000000001fa       0x2d nrf51_sdk/nrf51822/Source/app_common/pstorage.o
 .ARM.attributes
                0x0000000000000227       0x2d nrf51_sdk/nrf51822/Source/ble/device_manager/device_manager_peripheral.o
 .ARM.attributes
                0x0000000000000254       0x2d src/main.o
 .ARM.attributes
                0x0000000000000281       0x1b gcc_startup_nrf51.o
 .ARM.attributes
                0x000000000000029c       0x2d system_nrf51.o
 .ARM.attributes
                0x00000000000002c9       0x2d src/uart.o
 .ARM.attributes
                0x00000000000002f6       0x2d src/syslink.o
 .ARM.attributes
                0x0000000000000323       0x2d src/pm.o
 .ARM.attributes
                0x0000000000000350       0x2d src/systick.o
 .ARM.attributes
                0x000000000000037d       0x2d src/button.o
 .ARM.attributes
                0x00000000000003aa       0x2d src/swd.o
 .ARM.attributes
                0x00000000000003d7       0x2d src/ow.o
 .ARM.attributes
                0x0000000000000404       0x2d src/ow/owlnk.o
 .ARM.attributes
                0x0000000000000431       0x2d src/ow/ownet.o
 .ARM.attributes
                0x000000000000045e       0x2d src/ow/owtran.o
 .ARM.attributes
                0x000000000000048b       0x2d src/ow/crcutil.o
 .ARM.attributes
                0x00000000000004b8       0x2d src/ds2431.o
 .ARM.attributes
                0x00000000000004e5       0x2d src/ds28e05.o
 .ARM.attributes
                0x0000000000000512       0x2d src/esb.o
 .ARM.attributes
                0x000000000000053f       0x2d src/memory.o
 .ARM.attributes
                0x000000000000056c       0x1e /usr/lib/gcc/arm-none-eabi/4.9.3/armv6-m/libgcc.a(_udivsi3.o)
 .ARM.attributes
                0x000000000000058a       0x1e /usr/lib/gcc/arm-none-eabi/4.9.3/armv6-m/libgcc.a(_divsi3.o)
 .ARM.attributes
                0x00000000000005a8       0x1e /usr/lib/gcc/arm-none-eabi/4.9.3/armv6-m/libgcc.a(_dvmd_tls.o)
 .ARM.attributes
                0x00000000000005c6       0x2c /usr/lib/gcc/arm-none-eabi/4.9.3/armv6-m/libgcc.a(divsf3.o)
 .ARM.attributes
                0x00000000000005f2       0x2c /usr/lib/gcc/arm-none-eabi/4.9.3/armv6-m/libgcc.a(mulsf3.o)
 .ARM.attributes
                0x000000000000061e       0x2c /usr/lib/gcc/arm-none-eabi/4.9.3/armv6-m/libgcc.a(floatsisf.o)
 .ARM.attributes
                0x000000000000064a       0x1e /usr/lib/gcc/arm-none-eabi/4.9.3/armv6-m/libgcc.a(_clzsi2.o)
 .ARM.attributes
                0x0000000000000668       0x2c /usr/lib/gcc/arm-none-eabi/4.9.3/../../../arm-none-eabi/lib/armv6-m/libc_nano.a(lib_a-atexit.o)
 .ARM.attributes
                0x0000000000000694       0x2c /usr/lib/gcc/arm-none-eabi/4.9.3/../../../arm-none-eabi/lib/armv6-m/libc_nano.a(lib_a-bzero.o)
 .ARM.attributes
                0x00000000000006c0       0x2c /usr/lib/gcc/arm-none-eabi/4.9.3/../../../arm-none-eabi/lib/armv6-m/libc_nano.a(lib_a-errno.o)
 .ARM.attributes
                0x00000000000006ec       0x2c /usr/lib/gcc/arm-none-eabi/4.9.3/../../../arm-none-eabi/lib/armv6-m/libc_nano.a(lib_a-exit.o)
 .ARM.attributes
                0x0000000000000718       0x2c /usr/lib/gcc/arm-none-eabi/4.9.3/../../../arm-none-eabi/lib/armv6-m/libc_nano.a(lib_a-fini.o)
 .ARM.attributes
                0x0000000000000744       0x2c /usr/lib/gcc/arm-none-eabi/4.9.3/../../../arm-none-eabi/lib/armv6-m/libc_nano.a(lib_a-impure.o)
 .ARM.attributes
                0x0000000000000770       0x2c /usr/lib/gcc/arm-none-eabi/4.9.3/../../../arm-none-eabi/lib/armv6-m/libc_nano.a(lib_a-init.o)
 .ARM.attributes
                0x000000000000079c       0x2c /usr/lib/gcc/arm-none-eabi/4.9.3/../../../arm-none-eabi/lib/armv6-m/libc_nano.a(lib_a-memcmp.o)
 .ARM.attributes
                0x00000000000007c8       0x2c /usr/lib/gcc/arm-none-eabi/4.9.3/../../../arm-none-eabi/lib/armv6-m/libc_nano.a(lib_a-memcpy.o)
 .ARM.attributes
                0x00000000000007f4       0x2c /usr/lib/gcc/arm-none-eabi/4.9.3/../../../arm-none-eabi/lib/armv6-m/libc_nano.a(lib_a-memset.o)
 .ARM.attributes
                0x0000000000000820       0x2c /usr/lib/gcc/arm-none-eabi/4.9.3/../../../arm-none-eabi/lib/armv6-m/libc_nano.a(lib_a-printf.o)
 .ARM.attributes
                0x000000000000084c       0x2c /usr/lib/gcc/arm-none-eabi/4.9.3/../../../arm-none-eabi/lib/armv6-m/libc_nano.a(lib_a-strlen.o)
 .ARM.attributes
                0x0000000000000878       0x2c /usr/lib/gcc/arm-none-eabi/4.9.3/../../../arm-none-eabi/lib/armv6-m/libc_nano.a(lib_a-__atexit.o)
 .ARM.attributes
                0x00000000000008a4       0x2c /usr/lib/gcc/arm-none-eabi/4.9.3/../../../arm-none-eabi/lib/armv6-m/libc_nano.a(lib_a-__call_atexit.o)
 .ARM.attributes
                0x00000000000008d0       0x2c /usr/lib/gcc/arm-none-eabi/4.9.3/../../../arm-none-eabi/lib/armv6-m/libc_nano.a(lib_a-findfp.o)
 .ARM.attributes
                0x00000000000008fc       0x2c /usr/lib/gcc/arm-none-eabi/4.9.3/../../../arm-none-eabi/lib/armv6-m/libc_nano.a(lib_a-fwalk.o)
 .ARM.attributes
                0x0000000000000928       0x2c /usr/lib/gcc/arm-none-eabi/4.9.3/../../../arm-none-eabi/lib/armv6-m/libc_nano.a(lib_a-nano-mallocr.o)
 .ARM.attributes
                0x0000000000000954       0x2c /usr/lib/gcc/arm-none-eabi/4.9.3/../../../arm-none-eabi/lib/armv6-m/libc_nano.a(lib_a-nano-vfprintf.o)
 .ARM.attributes
                0x0000000000000980       0x2c /usr/lib/gcc/arm-none-eabi/4.9.3/../../../arm-none-eabi/lib/armv6-m/libc_nano.a(lib_a-nano-vfprintf_i.o)
 .ARM.attributes
                0x00000000000009ac       0x2c /usr/lib/gcc/arm-none-eabi/4.9.3/../../../arm-none-eabi/lib/armv6-m/libc_nano.a(lib_a-sbrkr.o)
 .ARM.attributes
                0x00000000000009d8       0x2c /usr/lib/gcc/arm-none-eabi/4.9.3/../../../arm-none-eabi/lib/armv6-m/libc_nano.a(lib_a-stdio.o)
 .ARM.attributes
                0x0000000000000a04       0x2c /usr/lib/gcc/arm-none-eabi/4.9.3/../../../arm-none-eabi/lib/armv6-m/libc_nano.a(lib_a-wbuf.o)
 .ARM.attributes
                0x0000000000000a30       0x2c /usr/lib/gcc/arm-none-eabi/4.9.3/../../../arm-none-eabi/lib/armv6-m/libc_nano.a(lib_a-writer.o)
 .ARM.attributes
                0x0000000000000a5c       0x2c /usr/lib/gcc/arm-none-eabi/4.9.3/../../../arm-none-eabi/lib/armv6-m/libc_nano.a(lib_a-wsetup.o)
 .ARM.attributes
                0x0000000000000a88       0x2c /usr/lib/gcc/arm-none-eabi/4.9.3/../../../arm-none-eabi/lib/armv6-m/libc_nano.a(lib_a-closer.o)
 .ARM.attributes
                0x0000000000000ab4       0x2c /usr/lib/gcc/arm-none-eabi/4.9.3/../../../arm-none-eabi/lib/armv6-m/libc_nano.a(lib_a-fflush.o)
 .ARM.attributes
                0x0000000000000ae0       0x2c /usr/lib/gcc/arm-none-eabi/4.9.3/../../../arm-none-eabi/lib/armv6-m/libc_nano.a(lib_a-fvwrite.o)
 .ARM.attributes
                0x0000000000000b0c       0x2c /usr/lib/gcc/arm-none-eabi/4.9.3/../../../arm-none-eabi/lib/armv6-m/libc_nano.a(lib_a-lseekr.o)
 .ARM.attributes
                0x0000000000000b38       0x2c /usr/lib/gcc/arm-none-eabi/4.9.3/../../../arm-none-eabi/lib/armv6-m/libc_nano.a(lib_a-makebuf.o)
 .ARM.attributes
                0x0000000000000b64       0x2c /usr/lib/gcc/arm-none-eabi/4.9.3/../../../arm-none-eabi/lib/armv6-m/libc_nano.a(lib_a-memchr.o)
 .ARM.attributes
                0x0000000000000b90       0x2c /usr/lib/gcc/arm-none-eabi/4.9.3/../../../arm-none-eabi/lib/armv6-m/libc_nano.a(lib_a-memmove.o)
 .ARM.attributes
                0x0000000000000bbc       0x2c /usr/lib/gcc/arm-none-eabi/4.9.3/../../../arm-none-eabi/lib/armv6-m/libc_nano.a(lib_a-nano-freer.o)
 .ARM.attributes
                0x0000000000000be8       0x2c /usr/lib/gcc/arm-none-eabi/4.9.3/../../../arm-none-eabi/lib/armv6-m/libc_nano.a(lib_a-nano-reallocr.o)
 .ARM.attributes
                0x0000000000000c14       0x2c /usr/lib/gcc/arm-none-eabi/4.9.3/../../../arm-none-eabi/lib/armv6-m/libc_nano.a(lib_a-readr.o)
 .ARM.attributes
                0x0000000000000c40       0x2c /usr/lib/gcc/arm-none-eabi/4.9.3/../../../arm-none-eabi/lib/armv6-m/libc_nano.a(lib_a-reent.o)
 .ARM.attributes
                0x0000000000000c6c       0x2c /usr/lib/gcc/arm-none-eabi/4.9.3/../../../arm-none-eabi/lib/armv6-m/libc_nano.a(lib_a-fstatr.o)
 .ARM.attributes
                0x0000000000000c98       0x2c /usr/lib/gcc/arm-none-eabi/4.9.3/../../../arm-none-eabi/lib/armv6-m/libc_nano.a(lib_a-isattyr.o)
 .ARM.attributes
                0x0000000000000cc4       0x2c /usr/lib/gcc/arm-none-eabi/4.9.3/../../../arm-none-eabi/lib/armv6-m/libc_nano.a(lib_a-nano-msizer.o)
 .ARM.attributes
                0x0000000000000cf0       0x2c /usr/lib/gcc/arm-none-eabi/4.9.3/armv6-m/crtend.o
 .ARM.attributes
                0x0000000000000d1c       0x1e /usr/lib/gcc/arm-none-eabi/4.9.3/armv6-m/crtn.o
 .ARM.attributes
                0x0000000000000d3a       0x2c /usr/lib/gcc/arm-none-eabi/4.9.3/../../../arm-none-eabi/lib/armv6-m/libnosys.a(close.o)
 .ARM.attributes
                0x0000000000000d66       0x2c /usr/lib/gcc/arm-none-eabi/4.9.3/../../../arm-none-eabi/lib/armv6-m/libnosys.a(fstat.o)
 .ARM.attributes
                0x0000000000000d92       0x2c /usr/lib/gcc/arm-none-eabi/4.9.3/../../../arm-none-eabi/lib/armv6-m/libnosys.a(isatty.o)
 .ARM.attributes
                0x0000000000000dbe       0x2c /usr/lib/gcc/arm-none-eabi/4.9.3/../../../arm-none-eabi/lib/armv6-m/libnosys.a(lseek.o)
 .ARM.attributes
                0x0000000000000dea       0x2c /usr/lib/gcc/arm-none-eabi/4.9.3/../../../arm-none-eabi/lib/armv6-m/libnosys.a(read.o)
 .ARM.attributes
                0x0000000000000e16       0x2c /usr/lib/gcc/arm-none-eabi/4.9.3/../../../arm-none-eabi/lib/armv6-m/libnosys.a(sbrk.o)
 .ARM.attributes
                0x0000000000000e42       0x2c /usr/lib/gcc/arm-none-eabi/4.9.3/../../../arm-none-eabi/lib/armv6-m/libnosys.a(write.o)
 .ARM.attributes
                0x0000000000000e6e       0x2c /usr/lib/gcc/arm-none-eabi/4.9.3/../../../arm-none-eabi/lib/armv6-m/libnosys.a(_exit.o)

.comment        0x0000000000000000       0x70
 .comment       0x0000000000000000       0x38 /usr/lib/gcc/arm-none-eabi/4.9.3/armv6-m/crtbegin.o
                                         0x39 (size before relaxing)
 .comment       0x0000000000000038       0x39 src/ble/ble.o
 .comment       0x0000000000000038       0x39 src/ble/ble_crazyflies.o
 .comment       0x0000000000000038       0x39 src/ble/timeslot.o
 .comment       0x0000000000000038       0x39 nrf51_sdk/nrf51822/Source/ble/ble_advdata.o
 .comment       0x0000000000000038       0x39 nrf51_sdk/nrf51822/Source/ble/ble_conn_params.o
 .comment       0x0000000000000038       0x39 nrf51_sdk/nrf51822/Source/ble/ble_services/ble_srv_common.o
 .comment       0x0000000000000038       0x39 nrf51_sdk/nrf51822/Source/ble/ble_services/ble_dis.o
 .comment       0x0000000000000038       0x39 nrf51_sdk/nrf51822/Source/sd_common/softdevice_handler.o
 .comment       0x0000000000000038       0x39 nrf51_sdk/nrf51822/Source/app_common/app_timer.o
 .comment       0x0000000000000038       0x39 nrf51_sdk/nrf51822/Source/app_common/pstorage.o
 .comment       0x0000000000000038       0x39 nrf51_sdk/nrf51822/Source/ble/device_manager/device_manager_peripheral.o
 .comment       0x0000000000000038       0x39 src/main.o
 .comment       0x0000000000000038       0x39 system_nrf51.o
 .comment       0x0000000000000038       0x39 src/uart.o
 .comment       0x0000000000000038       0x39 src/syslink.o
 .comment       0x0000000000000038       0x39 src/pm.o
 .comment       0x0000000000000038       0x39 src/systick.o
 .comment       0x0000000000000038       0x39 src/button.o
 .comment       0x0000000000000038       0x39 src/swd.o
 .comment       0x0000000000000038       0x39 src/ow.o
 .comment       0x0000000000000038       0x39 src/ow/owlnk.o
 .comment       0x0000000000000038       0x39 src/ow/ownet.o
 .comment       0x0000000000000038       0x39 src/ow/owtran.o
 .comment       0x0000000000000038       0x39 src/ow/crcutil.o
 .comment       0x0000000000000038       0x39 src/ds2431.o
 .comment       0x0000000000000038       0x39 src/ds28e05.o
 .comment       0x0000000000000038       0x39 src/esb.o
 .comment       0x0000000000000038       0x39 src/memory.o
 .comment       0x0000000000000038       0x39 /usr/lib/gcc/arm-none-eabi/4.9.3/armv6-m/libgcc.a(divsf3.o)
 .comment       0x0000000000000038       0x39 /usr/lib/gcc/arm-none-eabi/4.9.3/armv6-m/libgcc.a(mulsf3.o)
 .comment       0x0000000000000038       0x39 /usr/lib/gcc/arm-none-eabi/4.9.3/armv6-m/libgcc.a(floatsisf.o)
 .comment       0x0000000000000038       0x38 /usr/lib/gcc/arm-none-eabi/4.9.3/../../../arm-none-eabi/lib/armv6-m/libc_nano.a(lib_a-atexit.o)
                                         0x39 (size before relaxing)
 .comment       0x0000000000000070       0x39 /usr/lib/gcc/arm-none-eabi/4.9.3/../../../arm-none-eabi/lib/armv6-m/libc_nano.a(lib_a-bzero.o)
 .comment       0x0000000000000070       0x39 /usr/lib/gcc/arm-none-eabi/4.9.3/../../../arm-none-eabi/lib/armv6-m/libc_nano.a(lib_a-errno.o)
 .comment       0x0000000000000070       0x39 /usr/lib/gcc/arm-none-eabi/4.9.3/../../../arm-none-eabi/lib/armv6-m/libc_nano.a(lib_a-exit.o)
 .comment       0x0000000000000070       0x39 /usr/lib/gcc/arm-none-eabi/4.9.3/../../../arm-none-eabi/lib/armv6-m/libc_nano.a(lib_a-fini.o)
 .comment       0x0000000000000070       0x39 /usr/lib/gcc/arm-none-eabi/4.9.3/../../../arm-none-eabi/lib/armv6-m/libc_nano.a(lib_a-impure.o)
 .comment       0x0000000000000070       0x39 /usr/lib/gcc/arm-none-eabi/4.9.3/../../../arm-none-eabi/lib/armv6-m/libc_nano.a(lib_a-init.o)
 .comment       0x0000000000000070       0x39 /usr/lib/gcc/arm-none-eabi/4.9.3/../../../arm-none-eabi/lib/armv6-m/libc_nano.a(lib_a-memcmp.o)
 .comment       0x0000000000000070       0x39 /usr/lib/gcc/arm-none-eabi/4.9.3/../../../arm-none-eabi/lib/armv6-m/libc_nano.a(lib_a-memcpy.o)
 .comment       0x0000000000000070       0x39 /usr/lib/gcc/arm-none-eabi/4.9.3/../../../arm-none-eabi/lib/armv6-m/libc_nano.a(lib_a-memset.o)
 .comment       0x0000000000000070       0x39 /usr/lib/gcc/arm-none-eabi/4.9.3/../../../arm-none-eabi/lib/armv6-m/libc_nano.a(lib_a-printf.o)
 .comment       0x0000000000000070       0x39 /usr/lib/gcc/arm-none-eabi/4.9.3/../../../arm-none-eabi/lib/armv6-m/libc_nano.a(lib_a-strlen.o)
 .comment       0x0000000000000070       0x39 /usr/lib/gcc/arm-none-eabi/4.9.3/../../../arm-none-eabi/lib/armv6-m/libc_nano.a(lib_a-__atexit.o)
 .comment       0x0000000000000070       0x39 /usr/lib/gcc/arm-none-eabi/4.9.3/../../../arm-none-eabi/lib/armv6-m/libc_nano.a(lib_a-__call_atexit.o)
 .comment       0x0000000000000070       0x39 /usr/lib/gcc/arm-none-eabi/4.9.3/../../../arm-none-eabi/lib/armv6-m/libc_nano.a(lib_a-findfp.o)
 .comment       0x0000000000000070       0x39 /usr/lib/gcc/arm-none-eabi/4.9.3/../../../arm-none-eabi/lib/armv6-m/libc_nano.a(lib_a-fwalk.o)
 .comment       0x0000000000000070       0x39 /usr/lib/gcc/arm-none-eabi/4.9.3/../../../arm-none-eabi/lib/armv6-m/libc_nano.a(lib_a-nano-mallocr.o)
 .comment       0x0000000000000070       0x39 /usr/lib/gcc/arm-none-eabi/4.9.3/../../../arm-none-eabi/lib/armv6-m/libc_nano.a(lib_a-nano-vfprintf.o)
 .comment       0x0000000000000070       0x39 /usr/lib/gcc/arm-none-eabi/4.9.3/../../../arm-none-eabi/lib/armv6-m/libc_nano.a(lib_a-nano-vfprintf_i.o)
 .comment       0x0000000000000070       0x39 /usr/lib/gcc/arm-none-eabi/4.9.3/../../../arm-none-eabi/lib/armv6-m/libc_nano.a(lib_a-sbrkr.o)
 .comment       0x0000000000000070       0x39 /usr/lib/gcc/arm-none-eabi/4.9.3/../../../arm-none-eabi/lib/armv6-m/libc_nano.a(lib_a-stdio.o)
 .comment       0x0000000000000070       0x39 /usr/lib/gcc/arm-none-eabi/4.9.3/../../../arm-none-eabi/lib/armv6-m/libc_nano.a(lib_a-wbuf.o)
 .comment       0x0000000000000070       0x39 /usr/lib/gcc/arm-none-eabi/4.9.3/../../../arm-none-eabi/lib/armv6-m/libc_nano.a(lib_a-writer.o)
 .comment       0x0000000000000070       0x39 /usr/lib/gcc/arm-none-eabi/4.9.3/../../../arm-none-eabi/lib/armv6-m/libc_nano.a(lib_a-wsetup.o)
 .comment       0x0000000000000070       0x39 /usr/lib/gcc/arm-none-eabi/4.9.3/../../../arm-none-eabi/lib/armv6-m/libc_nano.a(lib_a-closer.o)
 .comment       0x0000000000000070       0x39 /usr/lib/gcc/arm-none-eabi/4.9.3/../../../arm-none-eabi/lib/armv6-m/libc_nano.a(lib_a-fflush.o)
 .comment       0x0000000000000070       0x39 /usr/lib/gcc/arm-none-eabi/4.9.3/../../../arm-none-eabi/lib/armv6-m/libc_nano.a(lib_a-fvwrite.o)
 .comment       0x0000000000000070       0x39 /usr/lib/gcc/arm-none-eabi/4.9.3/../../../arm-none-eabi/lib/armv6-m/libc_nano.a(lib_a-lseekr.o)
 .comment       0x0000000000000070       0x39 /usr/lib/gcc/arm-none-eabi/4.9.3/../../../arm-none-eabi/lib/armv6-m/libc_nano.a(lib_a-makebuf.o)
 .comment       0x0000000000000070       0x39 /usr/lib/gcc/arm-none-eabi/4.9.3/../../../arm-none-eabi/lib/armv6-m/libc_nano.a(lib_a-memchr.o)
 .comment       0x0000000000000070       0x39 /usr/lib/gcc/arm-none-eabi/4.9.3/../../../arm-none-eabi/lib/armv6-m/libc_nano.a(lib_a-memmove.o)
 .comment       0x0000000000000070       0x39 /usr/lib/gcc/arm-none-eabi/4.9.3/../../../arm-none-eabi/lib/armv6-m/libc_nano.a(lib_a-nano-freer.o)
 .comment       0x0000000000000070       0x39 /usr/lib/gcc/arm-none-eabi/4.9.3/../../../arm-none-eabi/lib/armv6-m/libc_nano.a(lib_a-nano-reallocr.o)
 .comment       0x0000000000000070       0x39 /usr/lib/gcc/arm-none-eabi/4.9.3/../../../arm-none-eabi/lib/armv6-m/libc_nano.a(lib_a-readr.o)
 .comment       0x0000000000000070       0x39 /usr/lib/gcc/arm-none-eabi/4.9.3/../../../arm-none-eabi/lib/armv6-m/libc_nano.a(lib_a-reent.o)
 .comment       0x0000000000000070       0x39 /usr/lib/gcc/arm-none-eabi/4.9.3/../../../arm-none-eabi/lib/armv6-m/libc_nano.a(lib_a-fstatr.o)
 .comment       0x0000000000000070       0x39 /usr/lib/gcc/arm-none-eabi/4.9.3/../../../arm-none-eabi/lib/armv6-m/libc_nano.a(lib_a-isattyr.o)
 .comment       0x0000000000000070       0x39 /usr/lib/gcc/arm-none-eabi/4.9.3/../../../arm-none-eabi/lib/armv6-m/libc_nano.a(lib_a-nano-msizer.o)
 .comment       0x0000000000000070       0x39 /usr/lib/gcc/arm-none-eabi/4.9.3/armv6-m/crtend.o
 .comment       0x0000000000000070       0x39 /usr/lib/gcc/arm-none-eabi/4.9.3/../../../arm-none-eabi/lib/armv6-m/libnosys.a(close.o)
 .comment       0x0000000000000070       0x39 /usr/lib/gcc/arm-none-eabi/4.9.3/../../../arm-none-eabi/lib/armv6-m/libnosys.a(fstat.o)
 .comment       0x0000000000000070       0x39 /usr/lib/gcc/arm-none-eabi/4.9.3/../../../arm-none-eabi/lib/armv6-m/libnosys.a(isatty.o)
 .comment       0x0000000000000070       0x39 /usr/lib/gcc/arm-none-eabi/4.9.3/../../../arm-none-eabi/lib/armv6-m/libnosys.a(lseek.o)
 .comment       0x0000000000000070       0x39 /usr/lib/gcc/arm-none-eabi/4.9.3/../../../arm-none-eabi/lib/armv6-m/libnosys.a(read.o)
 .comment       0x0000000000000070       0x39 /usr/lib/gcc/arm-none-eabi/4.9.3/../../../arm-none-eabi/lib/armv6-m/libnosys.a(sbrk.o)
 .comment       0x0000000000000070       0x39 /usr/lib/gcc/arm-none-eabi/4.9.3/../../../arm-none-eabi/lib/armv6-m/libnosys.a(write.o)
 .comment       0x0000000000000070       0x39 /usr/lib/gcc/arm-none-eabi/4.9.3/../../../arm-none-eabi/lib/armv6-m/libnosys.a(_exit.o)

.debug_line     0x0000000000000000     0xb952
 .debug_line    0x0000000000000000       0x80 /usr/lib/gcc/arm-none-eabi/4.9.3/../../../arm-none-eabi/lib/armv6-m/crt0.o
 .debug_line    0x0000000000000080      0x9b0 src/ble/ble.o
 .debug_line    0x0000000000000a30      0x47f src/ble/ble_crazyflies.o
 .debug_line    0x0000000000000eaf      0x3b8 src/ble/timeslot.o
 .debug_line    0x0000000000001267      0x5b7 nrf51_sdk/nrf51822/Source/ble/ble_advdata.o
 .debug_line    0x000000000000181e      0x58a nrf51_sdk/nrf51822/Source/ble/ble_conn_params.o
 .debug_line    0x0000000000001da8      0x37e nrf51_sdk/nrf51822/Source/ble/ble_services/ble_srv_common.o
 .debug_line    0x0000000000002126      0x4ac nrf51_sdk/nrf51822/Source/ble/ble_services/ble_dis.o
 .debug_line    0x00000000000025d2      0x669 nrf51_sdk/nrf51822/Source/sd_common/softdevice_handler.o
 .debug_line    0x0000000000002c3b      0x75c nrf51_sdk/nrf51822/Source/app_common/app_timer.o
 .debug_line    0x0000000000003397      0x7f1 nrf51_sdk/nrf51822/Source/app_common/pstorage.o
 .debug_line    0x0000000000003b88      0xb29 nrf51_sdk/nrf51822/Source/ble/device_manager/device_manager_peripheral.o
 .debug_line    0x00000000000046b1      0x71b src/main.o
 .debug_line    0x0000000000004dcc      0x205 system_nrf51.o
 .debug_line    0x0000000000004fd1      0x274 src/uart.o
 .debug_line    0x0000000000005245      0x270 src/syslink.o
 .debug_line    0x00000000000054b5      0x3c2 src/pm.o
 .debug_line    0x0000000000005877      0x1d9 src/systick.o
 .debug_line    0x0000000000005a50      0x22a src/button.o
 .debug_line    0x0000000000005c7a      0x244 src/swd.o
 .debug_line    0x0000000000005ebe      0x2a1 src/ow.o
 .debug_line    0x000000000000615f      0x370 src/ow/owlnk.o
 .debug_line    0x00000000000064cf      0x33d src/ow/ownet.o
 .debug_line    0x000000000000680c      0x212 src/ow/owtran.o
 .debug_line    0x0000000000006a1e      0x1e3 src/ow/crcutil.o
 .debug_line    0x0000000000006c01      0x283 src/ds2431.o
 .debug_line    0x0000000000006e84      0x2a1 src/ds28e05.o
 .debug_line    0x0000000000007125      0x58f src/esb.o
 .debug_line    0x00000000000076b4      0x28d src/memory.o